Archive member included to satisfy reference by file (symbol)

c:/st/stm32cubeide_1.10.1/stm32cubeide/plugins/com.st.stm32cube.ide.mcu.externaltools.gnu-tools-for-stm32.10.3-2021.10.win32_1.0.0.202111181127/tools/bin/../lib/gcc/arm-none-eabi/10.3.1/../../../../arm-none-eabi/lib/thumb/v7e-m+fp/hard\libc_nano.a(lib_a-errno.o)
                              ./Core/Src/syscalls.o (__errno)
c:/st/stm32cubeide_1.10.1/stm32cubeide/plugins/com.st.stm32cube.ide.mcu.externaltools.gnu-tools-for-stm32.10.3-2021.10.win32_1.0.0.202111181127/tools/bin/../lib/gcc/arm-none-eabi/10.3.1/../../../../arm-none-eabi/lib/thumb/v7e-m+fp/hard\libc_nano.a(lib_a-exit.o)
                              c:/st/stm32cubeide_1.10.1/stm32cubeide/plugins/com.st.stm32cube.ide.mcu.externaltools.gnu-tools-for-stm32.10.3-2021.10.win32_1.0.0.202111181127/tools/bin/../lib/gcc/arm-none-eabi/10.3.1/../../../../arm-none-eabi/lib/thumb/v7e-m+fp/hard/crt0.o (exit)
c:/st/stm32cubeide_1.10.1/stm32cubeide/plugins/com.st.stm32cube.ide.mcu.externaltools.gnu-tools-for-stm32.10.3-2021.10.win32_1.0.0.202111181127/tools/bin/../lib/gcc/arm-none-eabi/10.3.1/../../../../arm-none-eabi/lib/thumb/v7e-m+fp/hard\libc_nano.a(lib_a-impure.o)
                              c:/st/stm32cubeide_1.10.1/stm32cubeide/plugins/com.st.stm32cube.ide.mcu.externaltools.gnu-tools-for-stm32.10.3-2021.10.win32_1.0.0.202111181127/tools/bin/../lib/gcc/arm-none-eabi/10.3.1/../../../../arm-none-eabi/lib/thumb/v7e-m+fp/hard\libc_nano.a(lib_a-exit.o) (_global_impure_ptr)
c:/st/stm32cubeide_1.10.1/stm32cubeide/plugins/com.st.stm32cube.ide.mcu.externaltools.gnu-tools-for-stm32.10.3-2021.10.win32_1.0.0.202111181127/tools/bin/../lib/gcc/arm-none-eabi/10.3.1/../../../../arm-none-eabi/lib/thumb/v7e-m+fp/hard\libc_nano.a(lib_a-init.o)
                              c:/st/stm32cubeide_1.10.1/stm32cubeide/plugins/com.st.stm32cube.ide.mcu.externaltools.gnu-tools-for-stm32.10.3-2021.10.win32_1.0.0.202111181127/tools/bin/../lib/gcc/arm-none-eabi/10.3.1/../../../../arm-none-eabi/lib/thumb/v7e-m+fp/hard/crt0.o (__libc_init_array)
c:/st/stm32cubeide_1.10.1/stm32cubeide/plugins/com.st.stm32cube.ide.mcu.externaltools.gnu-tools-for-stm32.10.3-2021.10.win32_1.0.0.202111181127/tools/bin/../lib/gcc/arm-none-eabi/10.3.1/../../../../arm-none-eabi/lib/thumb/v7e-m+fp/hard\libc_nano.a(lib_a-memset.o)
                              c:/st/stm32cubeide_1.10.1/stm32cubeide/plugins/com.st.stm32cube.ide.mcu.externaltools.gnu-tools-for-stm32.10.3-2021.10.win32_1.0.0.202111181127/tools/bin/../lib/gcc/arm-none-eabi/10.3.1/../../../../arm-none-eabi/lib/thumb/v7e-m+fp/hard/crt0.o (memset)
c:/st/stm32cubeide_1.10.1/stm32cubeide/plugins/com.st.stm32cube.ide.mcu.externaltools.gnu-tools-for-stm32.10.3-2021.10.win32_1.0.0.202111181127/tools/bin/../lib/gcc/arm-none-eabi/10.3.1/../../../../arm-none-eabi/lib/thumb/v7e-m+fp/hard\libc_nano.a(lib_a-strcmp.o)
                              ./Core/Src/demo.o (strcmp)
c:/st/stm32cubeide_1.10.1/stm32cubeide/plugins/com.st.stm32cube.ide.mcu.externaltools.gnu-tools-for-stm32.10.3-2021.10.win32_1.0.0.202111181127/tools/bin/../lib/gcc/arm-none-eabi/10.3.1/../../../../arm-none-eabi/lib/thumb/v7e-m+fp/hard\libc_nano.a(lib_a-vsprintf.o)
                              ./Core/Src/print.o (vsprintf)
c:/st/stm32cubeide_1.10.1/stm32cubeide/plugins/com.st.stm32cube.ide.mcu.externaltools.gnu-tools-for-stm32.10.3-2021.10.win32_1.0.0.202111181127/tools/bin/../lib/gcc/arm-none-eabi/10.3.1/../../../../arm-none-eabi/lib/thumb/v7e-m+fp/hard\libc_nano.a(lib_a-nano-svfprintf.o)
                              c:/st/stm32cubeide_1.10.1/stm32cubeide/plugins/com.st.stm32cube.ide.mcu.externaltools.gnu-tools-for-stm32.10.3-2021.10.win32_1.0.0.202111181127/tools/bin/../lib/gcc/arm-none-eabi/10.3.1/../../../../arm-none-eabi/lib/thumb/v7e-m+fp/hard\libc_nano.a(lib_a-vsprintf.o) (_svfprintf_r)
c:/st/stm32cubeide_1.10.1/stm32cubeide/plugins/com.st.stm32cube.ide.mcu.externaltools.gnu-tools-for-stm32.10.3-2021.10.win32_1.0.0.202111181127/tools/bin/../lib/gcc/arm-none-eabi/10.3.1/../../../../arm-none-eabi/lib/thumb/v7e-m+fp/hard\libc_nano.a(lib_a-nano-vfprintf_i.o)
                              c:/st/stm32cubeide_1.10.1/stm32cubeide/plugins/com.st.stm32cube.ide.mcu.externaltools.gnu-tools-for-stm32.10.3-2021.10.win32_1.0.0.202111181127/tools/bin/../lib/gcc/arm-none-eabi/10.3.1/../../../../arm-none-eabi/lib/thumb/v7e-m+fp/hard\libc_nano.a(lib_a-nano-svfprintf.o) (_printf_i)
c:/st/stm32cubeide_1.10.1/stm32cubeide/plugins/com.st.stm32cube.ide.mcu.externaltools.gnu-tools-for-stm32.10.3-2021.10.win32_1.0.0.202111181127/tools/bin/../lib/gcc/arm-none-eabi/10.3.1/../../../../arm-none-eabi/lib/thumb/v7e-m+fp/hard\libc_nano.a(lib_a-memchr.o)
                              c:/st/stm32cubeide_1.10.1/stm32cubeide/plugins/com.st.stm32cube.ide.mcu.externaltools.gnu-tools-for-stm32.10.3-2021.10.win32_1.0.0.202111181127/tools/bin/../lib/gcc/arm-none-eabi/10.3.1/../../../../arm-none-eabi/lib/thumb/v7e-m+fp/hard\libc_nano.a(lib_a-nano-svfprintf.o) (memchr)
[...]
Memory Configuration

Name             Origin             Length             Attributes
RAM              0x0000000020000000 0x0000000000018000 xrw
RAM2             0x0000000010000000 0x0000000000008000 xrw
FLASH            0x0000000008000000 0x0000000000100000 xr
*default*        0x0000000000000000 0xffffffffffffffff

Linker script and memory map

LOAD c:/st/stm32cubeide_1.10.1/stm32cubeide/plugins/com.st.stm32cube.ide.mcu.externaltools.gnu-tools-for-stm32.10.3-2021.10.win32_1.0.0.202111181127/tools/bin/../lib/gcc/arm-none-eabi/10.3.1/thumb/v7e-m+fp/hard/crti.o
LOAD c:/st/stm32cubeide_1.10.1/stm32cubeide/plugins/com.st.stm32cube.ide.mcu.externaltools.gnu-tools-for-stm32.10.3-2021.10.win32_1.0.0.202111181127/tools/bin/../lib/gcc/arm-none-eabi/10.3.1/thumb/v7e-m+fp/hard/crtbegin.o
LOAD c:/st/stm32cubeide_1.10.1/stm32cubeide/plugins/com.st.stm32cube.ide.mcu.externaltools.gnu-tools-for-stm32.10.3-2021.10.win32_1.0.0.202111181127/tools/bin/../lib/gcc/arm-none-eabi/10.3.1/../../../../arm-none-eabi/lib/thumb/v7e-m+fp/hard/crt0.o
LOAD ./Core/Src/GPIO.o
LOAD ./Core/Src/LED.o
LOAD ./Core/Src/SysClock.o
LOAD ./Core/Src/UART.o
LOAD ./Core/Src/adc.o
LOAD ./Core/Src/dac.o
LOAD ./Core/Src/demo.o
LOAD ./Core/Src/handlers.o
LOAD ./Core/Src/help.o
LOAD ./Core/Src/little_endian.o
LOAD ./Core/Src/main.o
LOAD ./Core/Src/midi.o
LOAD ./Core/Src/next.o
LOAD ./Core/Src/print.o
LOAD ./Core/Src/song_parser.o
LOAD ./Core/Src/stm32l4xx_hal_msp.o
LOAD ./Core/Src/stm32l4xx_it.o
LOAD ./Core/Src/syscalls.o
LOAD ./Core/Src/sysmem.o
LOAD ./Core/Src/system_stm32l4xx.o
LOAD ./Core/Src/systick.o
LOAD ./Core/Src/tone.o
LOAD ./Core/Startup/startup_stm32l476rgtx.o
LOAD ./Drivers/STM32L4xx_HAL_Driver/Src/stm32l4xx_hal.o
LOAD ./Drivers/STM32L4xx_HAL_Driver/Src/stm32l4xx_hal_adc.o
LOAD ./Drivers/STM32L4xx_HAL_Driver/Src/stm32l4xx_hal_adc_ex.o
LOAD ./Drivers/STM32L4xx_HAL_Driver/Src/stm32l4xx_hal_cortex.o
LOAD ./Drivers/STM32L4xx_HAL_Driver/Src/stm32l4xx_hal_dac.o
LOAD ./Drivers/STM32L4xx_HAL_Driver/Src/stm32l4xx_hal_dac_ex.o
LOAD ./Drivers/STM32L4xx_HAL_Driver/Src/stm32l4xx_hal_dma.o
LOAD ./Drivers/STM32L4xx_HAL_Driver/Src/stm32l4xx_hal_dma_ex.o
LOAD ./Drivers/STM32L4xx_HAL_Driver/Src/stm32l4xx_hal_exti.o
LOAD ./Drivers/STM32L4xx_HAL_Driver/Src/stm32l4xx_hal_flash.o
LOAD ./Drivers/STM32L4xx_HAL_Driver/Src/stm32l4xx_hal_flash_ex.o
LOAD ./Drivers/STM32L4xx_HAL_Driver/Src/stm32l4xx_hal_flash_ramfunc.o
LOAD ./Drivers/STM32L4xx_HAL_Driver/Src/stm32l4xx_hal_gpio.o
LOAD ./Drivers/STM32L4xx_HAL_Driver/Src/stm32l4xx_hal_i2c.o
LOAD ./Drivers/STM32L4xx_HAL_Driver/Src/stm32l4xx_hal_i2c_ex.o
LOAD ./Drivers/STM32L4xx_HAL_Driver/Src/stm32l4xx_hal_pwr.o
LOAD ./Drivers/STM32L4xx_HAL_Driver/Src/stm32l4xx_hal_pwr_ex.o
LOAD ./Drivers/STM32L4xx_HAL_Driver/Src/stm32l4xx_hal_rcc.o
LOAD ./Drivers/STM32L4xx_HAL_Driver/Src/stm32l4xx_hal_rcc_ex.o
START GROUP
LOAD c:/st/stm32cubeide_1.10.1/stm32cubeide/plugins/com.st.stm32cube.ide.mcu.externaltools.gnu-tools-for-stm32.10.3-2021.10.win32_1.0.0.202111181127/tools/bin/../lib/gcc/arm-none-eabi/10.3.1/../../../../arm-none-eabi/lib/thumb/v7e-m+fp/hard\libc_nano.a
LOAD c:/st/stm32cubeide_1.10.1/stm32cubeide/plugins/com.st.stm32cube.ide.mcu.externaltools.gnu-tools-for-stm32.10.3-2021.10.win32_1.0.0.202111181127/tools/bin/../lib/gcc/arm-none-eabi/10.3.1/../../../../arm-none-eabi/lib/thumb/v7e-m+fp/hard\libm.a
END GROUP
START GROUP
LOAD c:/st/stm32cubeide_1.10.1/stm32cubeide/plugins/com.st.stm32cube.ide.mcu.externaltools.gnu-tools-for-stm32.10.3-2021.10.win32_1.0.0.202111181127/tools/bin/../lib/gcc/arm-none-eabi/10.3.1/thumb/v7e-m+fp/hard\libgcc.a
LOAD c:/st/stm32cubeide_1.10.1/stm32cubeide/plugins/com.st.stm32cube.ide.mcu.externaltools.gnu-tools-for-stm32.10.3-2021.10.win32_1.0.0.202111181127/tools/bin/../lib/gcc/arm-none-eabi/10.3.1/../../../../arm-none-eabi/lib/thumb/v7e-m+fp/hard\libc_nano.a
END GROUP
START GROUP
LOAD c:/st/stm32cubeide_1.10.1/stm32cubeide/plugins/com.st.stm32cube.ide.mcu.externaltools.gnu-tools-for-stm32.10.3-2021.10.win32_1.0.0.202111181127/tools/bin/../lib/gcc/arm-none-eabi/10.3.1/thumb/v7e-m+fp/hard\libgcc.a
LOAD c:/st/stm32cubeide_1.10.1/stm32cubeide/plugins/com.st.stm32cube.ide.mcu.externaltools.gnu-tools-for-stm32.10.3-2021.10.win32_1.0.0.202111181127/tools/bin/../lib/gcc/arm-none-eabi/10.3.1/../../../../arm-none-eabi/lib/thumb/v7e-m+fp/hard\libc_nano.a
LOAD c:/st/stm32cubeide_1.10.1/stm32cubeide/plugins/com.st.stm32cube.ide.mcu.externaltools.gnu-tools-for-stm32.10.3-2021.10.win32_1.0.0.202111181127/tools/bin/../lib/gcc/arm-none-eabi/10.3.1/../../../../arm-none-eabi/lib/thumb/v7e-m+fp/hard\libnosys.a
END GROUP
START GROUP
LOAD c:/st/stm32cubeide_1.10.1/stm32cubeide/plugins/com.st.stm32cube.ide.mcu.externaltools.gnu-tools-for-stm32.10.3-2021.10.win32_1.0.0.202111181127/tools/bin/../lib/gcc/arm-none-eabi/10.3.1/thumb/v7e-m+fp/hard\libgcc.a
LOAD c:/st/stm32cubeide_1.10.1/stm32cubeide/plugins/com.st.stm32cube.ide.mcu.externaltools.gnu-tools-for-stm32.10.3-2021.10.win32_1.0.0.202111181127/tools/bin/../lib/gcc/arm-none-eabi/10.3.1/../../../../arm-none-eabi/lib/thumb/v7e-m+fp/hard\libc_nano.a
LOAD c:/st/stm32cubeide_1.10.1/stm32cubeide/plugins/com.st.stm32cube.ide.mcu.externaltools.gnu-tools-for-stm32.10.3-2021.10.win32_1.0.0.202111181127/tools/bin/../lib/gcc/arm-none-eabi/10.3.1/../../../../arm-none-eabi/lib/thumb/v7e-m+fp/hard\libnosys.a
END GROUP
LOAD c:/st/stm32cubeide_1.10.1/stm32cubeide/plugins/com.st.stm32cube.ide.mcu.externaltools.gnu-tools-for-stm32.10.3-2021.10.win32_1.0.0.202111181127/tools/bin/../lib/gcc/arm-none-eabi/10.3.1/thumb/v7e-m+fp/hard/crtend.o
LOAD c:/st/stm32cubeide_1.10.1/stm32cubeide/plugins/com.st.stm32cube.ide.mcu.externaltools.gnu-tools-for-stm32.10.3-2021.10.win32_1.0.0.202111181127/tools/bin/../lib/gcc/arm-none-eabi/10.3.1/thumb/v7e-m+fp/hard/crtn.o
                0x0000000020018000                _estack = (ORIGIN (RAM) + LENGTH (RAM))
                0x0000000000000200                _Min_Heap_Size = 0x200
                0x0000000000000400                _Min_Stack_Size = 0x400

.isr_vector     0x0000000008000000      0x188
                0x0000000008000000                . = ALIGN (0x4)
 *(.isr_vector)
 .isr_vector    0x0000000008000000      0x188 ./Core/Startup/startup_stm32l476rgtx.o
                0x0000000008000000                g_pfnVectors
                0x0000000008000188                . = ALIGN (0x4)

.text           0x0000000008000190     0x2bf0
                0x0000000008000190                . = ALIGN (0x4)
 *(.text)
 .text          0x0000000008000190       0x40 c:/st/stm32cubeide_1.10.1/stm32cubeide/plugins/com.st.stm32cube.ide.mcu.externaltools.gnu-tools-for-stm32.10.3-2021.10.win32_1.0.0.202111181127/tools/bin/../lib/gcc/arm-none-eabi/10.3.1/thumb/v7e-m+fp/hard/crtbegin.o
 .text          0x00000000080001d0       0x14 c:/st/stm32cubeide_1.10.1/stm32cubeide/plugins/com.st.stm32cube.ide.mcu.externaltools.gnu-tools-for-stm32.10.3-2021.10.win32_1.0.0.202111181127/tools/bin/../lib/gcc/arm-none-eabi/10.3.1/../../../../arm-none-eabi/lib/thumb/v7e-m+fp/hard\libc_nano.a(lib_a-strcmp.o)
                0x00000000080001d0                strcmp
 *fill*         0x00000000080001e4        0xc 
 .text          0x00000000080001f0       0xa0 c:/st/stm32cubeide_1.10.1/stm32cubeide/plugins/com.st.stm32cube.ide.mcu.externaltools.gnu-tools-for-stm32.10.3-2021.10.win32_1.0.0.202111181127/tools/bin/../lib/gcc/arm-none-eabi/10.3.1/../../../../arm-none-eabi/lib/thumb/v7e-m+fp/hard\libc_nano.a(lib_a-memchr.o)
                0x00000000080001f0                memchr
 *(.text*)
 .text.__NVIC_EnableIRQ
                0x0000000008000290       0x3c ./Core/Src/GPIO.o
 .text.GPIO_Init
                0x00000000080002cc       0xcc ./Core/Src/GPIO.o
                0x00000000080002cc                GPIO_Init
 .text.GPIO_Output_Init
                0x0000000008000398       0xfc ./Core/Src/LED.o
                0x0000000008000398                GPIO_Output_Init
 .text.LED_Init
                0x0000000008000494       0x26 ./Core/Src/LED.o
                0x0000000008000494                LED_Init
 .text.LED_On   0x00000000080004ba       0x3e ./Core/Src/LED.o
                0x00000000080004ba                LED_On
 .text.LED_Off  0x00000000080004f8       0x3e ./Core/Src/LED.o
                0x00000000080004f8                LED_Off
 .text.LED_Toggle
                0x0000000008000536       0x3e ./Core/Src/LED.o
                0x0000000008000536                LED_Toggle
 .text.System_Clock_Init
                0x0000000008000574      0x1bc ./Core/Src/SysClock.o
                0x0000000008000574                System_Clock_Init
 .text.UART2_Init
                0x0000000008000730       0x48 ./Core/Src/UART.o
                0x0000000008000730                UART2_Init
 .text.UART2_GPIO_Init
                0x0000000008000778       0x90 ./Core/Src/UART.o
                0x0000000008000778                UART2_GPIO_Init
 .text.USART_Init
                0x0000000008000808      0x10c ./Core/Src/UART.o
                0x0000000008000808                USART_Init
 .text.USART_Read_nonblocking
                0x0000000008000914       0x2c ./Core/Src/UART.o
                0x0000000008000914                USART_Read_nonblocking
 .text.USART_Write
                0x0000000008000940       0x66 ./Core/Src/UART.o
                0x0000000008000940                USART_Write
 *fill*         0x00000000080009a6        0x2 
 .text.USART_Delay
                0x00000000080009a8       0x40 ./Core/Src/UART.o
                0x00000000080009a8                USART_Delay
 .text.HAL_DAC_MspInit
                0x00000000080009e8       0x7c ./Core/Src/dac.o
                0x00000000080009e8                HAL_DAC_MspInit
 .text.DAC_Init
                0x0000000008000a64       0x64 ./Core/Src/dac.o
                0x0000000008000a64                DAC_Init
 .text.DAC_Start
                0x0000000008000ac8       0x14 ./Core/Src/dac.o
                0x0000000008000ac8                DAC_Start
 .text.DAC_Set_Value
                0x0000000008000adc       0x20 ./Core/Src/dac.o
                0x0000000008000adc                DAC_Set_Value
 .text.init_systick
                0x0000000008000afc       0x4c ./Core/Src/demo.o
 .text.pause    0x0000000008000b48       0x18 ./Core/Src/demo.o
                0x0000000008000b48                pause
 .text.unpause  0x0000000008000b60       0x18 ./Core/Src/demo.o
                0x0000000008000b60                unpause
 .text.SysTick_Handler
                0x0000000008000b78       0x84 ./Core/Src/demo.o
                0x0000000008000b78                SysTick_Handler
 .text.remote_on
                0x0000000008000bfc       0x18 ./Core/Src/demo.o
                0x0000000008000bfc                remote_on
 .text.remote_off
                0x0000000008000c14       0x18 ./Core/Src/demo.o
                0x0000000008000c14                remote_off
 .text.local_song
                0x0000000008000c2c       0x20 ./Core/Src/demo.o
                0x0000000008000c2c                local_song
 .text.local_song_size
                0x0000000008000c4c       0x24 ./Core/Src/demo.o
                0x0000000008000c4c                local_song_size
 .text.local_play_song
                0x0000000008000c70       0x18 ./Core/Src/demo.o
                0x0000000008000c70                local_play_song
 .text.run_project
                0x0000000008000c88      0x238 ./Core/Src/demo.o
                0x0000000008000c88                run_project
 .text.Error_Handler
                0x0000000008000ec0        0xe ./Core/Src/demo.o
                0x0000000008000ec0                Error_Handler
 .text.run_demo
                0x0000000008000ece       0x18 ./Core/Src/demo.o
                0x0000000008000ece                run_demo
 *fill*         0x0000000008000ee6        0x2 
 .text.EXTI15_10_IRQHandler
                0x0000000008000ee8       0x9c ./Core/Src/handlers.o
                0x0000000008000ee8                EXTI15_10_IRQHandler
 .text.EXTI9_5_IRQHandler
                0x0000000008000f84      0x178 ./Core/Src/handlers.o
                0x0000000008000f84                EXTI9_5_IRQHandler
 .text.help_me  0x00000000080010fc       0x44 ./Core/Src/help.o
                0x00000000080010fc                help_me
 .text.convert_to_uint16
                0x0000000008001140       0x30 ./Core/Src/little_endian.o
                0x0000000008001140                convert_to_uint16
 .text.convert_to_uint24
                0x0000000008001170       0x2c ./Core/Src/little_endian.o
                0x0000000008001170                convert_to_uint24
 .text.convert_to_uint32
                0x000000000800119c       0x40 ./Core/Src/little_endian.o
                0x000000000800119c                convert_to_uint32
 .text.main     0x00000000080011dc       0x1a ./Core/Src/main.o
                0x00000000080011dc                main
 *fill*         0x00000000080011f6        0x2 
 .text.parse_meta_event
                0x00000000080011f8       0x8c ./Core/Src/midi.o
                0x00000000080011f8                parse_meta_event
 .text.parse_midi_event
                0x0000000008001284      0x168 ./Core/Src/midi.o
                0x0000000008001284                parse_midi_event
 .text.parse_header
                0x00000000080013ec       0x84 ./Core/Src/midi.o
                0x00000000080013ec                parse_header
 .text.parse_song
                0x0000000008001470       0xf0 ./Core/Src/midi.o
                0x0000000008001470                parse_song
 .text.play_song
                0x0000000008001560      0x1cc ./Core/Src/midi.o
                0x0000000008001560                play_song
 .text.parse_song_info
                0x000000000800172c       0x5c ./Core/Src/next.o
                0x000000000800172c                parse_song_info
 .text.parse_meta
                0x0000000008001788      0x158 ./Core/Src/next.o
                0x0000000008001788                parse_meta
 .text.prints   0x00000000080018e0       0x3c ./Core/Src/print.o
                0x00000000080018e0                prints
 .text.NMI_Handler
                0x000000000800191c        0x6 ./Core/Src/stm32l4xx_it.o
                0x000000000800191c                NMI_Handler
 .text.HardFault_Handler
                0x0000000008001922        0x6 ./Core/Src/stm32l4xx_it.o
                0x0000000008001922                HardFault_Handler
 .text.MemManage_Handler
                0x0000000008001928        0x6 ./Core/Src/stm32l4xx_it.o
                0x0000000008001928                MemManage_Handler
 .text.BusFault_Handler
                0x000000000800192e        0x6 ./Core/Src/stm32l4xx_it.o
                0x000000000800192e                BusFault_Handler
 .text.UsageFault_Handler
                0x0000000008001934        0x6 ./Core/Src/stm32l4xx_it.o
                0x0000000008001934                UsageFault_Handler
 .text.SVC_Handler
                0x000000000800193a        0xe ./Core/Src/stm32l4xx_it.o
                0x000000000800193a                SVC_Handler
 .text.DebugMon_Handler
                0x0000000008001948        0xe ./Core/Src/stm32l4xx_it.o
                0x0000000008001948                DebugMon_Handler
 .text.PendSV_Handler
                0x0000000008001956        0xe ./Core/Src/stm32l4xx_it.o
                0x0000000008001956                PendSV_Handler
 .text._sbrk    0x0000000008001964       0x6c ./Core/Src/sysmem.o
                0x0000000008001964                _sbrk
 .text.SystemInit
                0x00000000080019d0       0x6c ./Core/Src/system_stm32l4xx.o
                0x00000000080019d0                SystemInit
 .text.get_systick_registers
                0x0000000008001a3c       0x14 ./Core/Src/systick.o
                0x0000000008001a3c                get_systick_registers
 .text.hertz_to_duration
                0x0000000008001a50       0x54 ./Core/Src/tone.o
                0x0000000008001a50                hertz_to_duration
 .text.add_tone
                0x0000000008001aa4       0x80 ./Core/Src/tone.o
                0x0000000008001aa4                add_tone
 .text.remove_tone
                0x0000000008001b24       0x70 ./Core/Src/tone.o
                0x0000000008001b24                remove_tone
 .text.play_tones
                0x0000000008001b94       0x84 ./Core/Src/tone.o
                0x0000000008001b94                play_tones
 .text.Reset_Handler
                0x0000000008001c18       0x50 ./Core/Startup/startup_stm32l476rgtx.o
                0x0000000008001c18                Reset_Handler
 .text.Default_Handler
                0x0000000008001c68        0x2 ./Core/Startup/startup_stm32l476rgtx.o
                0x0000000008001c68                RTC_Alarm_IRQHandler
                0x0000000008001c68                EXTI2_IRQHandler
                0x0000000008001c68                TIM8_TRG_COM_IRQHandler
                0x0000000008001c68                TIM8_CC_IRQHandler
                0x0000000008001c68                TIM1_CC_IRQHandler
                0x0000000008001c68                TSC_IRQHandler
                0x0000000008001c68                TAMP_STAMP_IRQHandler
                0x0000000008001c68                EXTI3_IRQHandler
                0x0000000008001c68                LPTIM2_IRQHandler
                0x0000000008001c68                DFSDM1_FLT1_IRQHandler
                0x0000000008001c68                I2C3_ER_IRQHandler
                0x0000000008001c68                DFSDM1_FLT2_IRQHandler
                0x0000000008001c68                EXTI0_IRQHandler
                0x0000000008001c68                I2C2_EV_IRQHandler
                0x0000000008001c68                CAN1_RX0_IRQHandler
                0x0000000008001c68                FPU_IRQHandler
                0x0000000008001c68                TIM1_UP_TIM16_IRQHandler
                0x0000000008001c68                ADC1_2_IRQHandler
                0x0000000008001c68                SPI1_IRQHandler
                0x0000000008001c68                TIM6_DAC_IRQHandler
                0x0000000008001c68                TIM8_UP_IRQHandler
                0x0000000008001c68                DMA2_Channel2_IRQHandler
                0x0000000008001c68                DMA1_Channel4_IRQHandler
                0x0000000008001c68                SAI2_IRQHandler
                0x0000000008001c68                DFSDM1_FLT3_IRQHandler
                0x0000000008001c68                USART3_IRQHandler
                0x0000000008001c68                DMA1_Channel7_IRQHandler
                0x0000000008001c68                CAN1_RX1_IRQHandler
                0x0000000008001c68                LCD_IRQHandler
                0x0000000008001c68                UART5_IRQHandler
                0x0000000008001c68                ADC3_IRQHandler
                0x0000000008001c68                TIM4_IRQHandler
                0x0000000008001c68                DMA2_Channel1_IRQHandler
                0x0000000008001c68                QUADSPI_IRQHandler
                0x0000000008001c68                I2C1_EV_IRQHandler
                0x0000000008001c68                DMA1_Channel6_IRQHandler
                0x0000000008001c68                UART4_IRQHandler
                0x0000000008001c68                DMA2_Channel4_IRQHandler
                0x0000000008001c68                TIM3_IRQHandler
                0x0000000008001c68                RCC_IRQHandler
                0x0000000008001c68                DMA1_Channel1_IRQHandler
                0x0000000008001c68                Default_Handler
                0x0000000008001c68                DMA2_Channel7_IRQHandler
                0x0000000008001c68                TIM7_IRQHandler
                0x0000000008001c68                SDMMC1_IRQHandler
                0x0000000008001c68                TIM5_IRQHandler
                0x0000000008001c68                I2C3_EV_IRQHandler
                0x0000000008001c68                RTC_WKUP_IRQHandler
                0x0000000008001c68                PVD_PVM_IRQHandler
                0x0000000008001c68                SPI2_IRQHandler
                0x0000000008001c68                CAN1_TX_IRQHandler
                0x0000000008001c68                DMA2_Channel5_IRQHandler
                0x0000000008001c68                DMA1_Channel5_IRQHandler
                0x0000000008001c68                EXTI4_IRQHandler
                0x0000000008001c68                RNG_IRQHandler
                0x0000000008001c68                TIM1_TRG_COM_TIM17_IRQHandler
                0x0000000008001c68                DMA1_Channel3_IRQHandler
                0x0000000008001c68                COMP_IRQHandler
                0x0000000008001c68                WWDG_IRQHandler
                0x0000000008001c68                LPUART1_IRQHandler
                0x0000000008001c68                DMA2_Channel6_IRQHandler
                0x0000000008001c68                TIM2_IRQHandler
                0x0000000008001c68                EXTI1_IRQHandler
                0x0000000008001c68                USART2_IRQHandler
                0x0000000008001c68                DFSDM1_FLT0_IRQHandler
                0x0000000008001c68                I2C2_ER_IRQHandler
                0x0000000008001c68                DMA1_Channel2_IRQHandler
                0x0000000008001c68                TIM8_BRK_IRQHandler
                0x0000000008001c68                CAN1_SCE_IRQHandler
                0x0000000008001c68                FLASH_IRQHandler
                0x0000000008001c68                USART1_IRQHandler
                0x0000000008001c68                OTG_FS_IRQHandler
                0x0000000008001c68                SPI3_IRQHandler
                0x0000000008001c68                I2C1_ER_IRQHandler
                0x0000000008001c68                FMC_IRQHandler
                0x0000000008001c68                SWPMI1_IRQHandler
                0x0000000008001c68                LPTIM1_IRQHandler
                0x0000000008001c68                SAI1_IRQHandler
                0x0000000008001c68                DMA2_Channel3_IRQHandler
                0x0000000008001c68                TIM1_BRK_TIM15_IRQHandler
 *fill*         0x0000000008001c6a        0x2 
 .text.HAL_GetTick
                0x0000000008001c6c       0x18 ./Drivers/STM32L4xx_HAL_Driver/Src/stm32l4xx_hal.o
                0x0000000008001c6c                HAL_GetTick
 .text.HAL_Delay
                0x0000000008001c84       0x48 ./Drivers/STM32L4xx_HAL_Driver/Src/stm32l4xx_hal.o
                0x0000000008001c84                HAL_Delay
 .text.HAL_DAC_Init
                0x0000000008001ccc       0x44 ./Drivers/STM32L4xx_HAL_Driver/Src/stm32l4xx_hal_dac.o
                0x0000000008001ccc                HAL_DAC_Init
 .text.HAL_DAC_Start
                0x0000000008001d10       0x9a ./Drivers/STM32L4xx_HAL_Driver/Src/stm32l4xx_hal_dac.o
                0x0000000008001d10                HAL_DAC_Start
 .text.HAL_DAC_SetValue
                0x0000000008001daa       0x4a ./Drivers/STM32L4xx_HAL_Driver/Src/stm32l4xx_hal_dac.o
                0x0000000008001daa                HAL_DAC_SetValue
 .text.HAL_DAC_ConfigChannel
                0x0000000008001df4      0x234 ./Drivers/STM32L4xx_HAL_Driver/Src/stm32l4xx_hal_dac.o
                0x0000000008001df4                HAL_DAC_ConfigChannel
 .text.HAL_GPIO_Init
                0x0000000008002028      0x354 ./Drivers/STM32L4xx_HAL_Driver/Src/stm32l4xx_hal_gpio.o
                0x0000000008002028                HAL_GPIO_Init
 .text.HAL_GPIO_ReadPin
                0x000000000800237c       0x30 ./Drivers/STM32L4xx_HAL_Driver/Src/stm32l4xx_hal_gpio.o
                0x000000000800237c                HAL_GPIO_ReadPin
 .text.HAL_GPIO_TogglePin
                0x00000000080023ac       0x34 ./Drivers/STM32L4xx_HAL_Driver/Src/stm32l4xx_hal_gpio.o
                0x00000000080023ac                HAL_GPIO_TogglePin
 .text.HAL_GPIO_EXTI_IRQHandler
                0x00000000080023e0       0x30 ./Drivers/STM32L4xx_HAL_Driver/Src/stm32l4xx_hal_gpio.o
                0x00000000080023e0                HAL_GPIO_EXTI_IRQHandler
 .text.HAL_GPIO_EXTI_Callback
                0x0000000008002410       0x16 ./Drivers/STM32L4xx_HAL_Driver/Src/stm32l4xx_hal_gpio.o
                0x0000000008002410                HAL_GPIO_EXTI_Callback
 *fill*         0x0000000008002426        0x2 
 .text.__errno  0x0000000008002428        0xc c:/st/stm32cubeide_1.10.1/stm32cubeide/plugins/com.st.stm32cube.ide.mcu.externaltools.gnu-tools-for-stm32.10.3-2021.10.win32_1.0.0.202111181127/tools/bin/../lib/gcc/arm-none-eabi/10.3.1/../../../../arm-none-eabi/lib/thumb/v7e-m+fp/hard\libc_nano.a(lib_a-errno.o)
                0x0000000008002428                __errno
 .text.__libc_init_array
                0x0000000008002434       0x48 c:/st/stm32cubeide_1.10.1/stm32cubeide/plugins/com.st.stm32cube.ide.mcu.externaltools.gnu-tools-for-stm32.10.3-2021.10.win32_1.0.0.202111181127/tools/bin/../lib/gcc/arm-none-eabi/10.3.1/../../../../arm-none-eabi/lib/thumb/v7e-m+fp/hard\libc_nano.a(lib_a-init.o)
                0x0000000008002434                __libc_init_array
 .text.memset   0x000000000800247c       0x10 c:/st/stm32cubeide_1.10.1/stm32cubeide/plugins/com.st.stm32cube.ide.mcu.externaltools.gnu-tools-for-stm32.10.3-2021.10.win32_1.0.0.202111181127/tools/bin/../lib/gcc/arm-none-eabi/10.3.1/../../../../arm-none-eabi/lib/thumb/v7e-m+fp/hard\libc_nano.a(lib_a-memset.o)
                0x000000000800247c                memset
 .text._vsprintf_r
                0x000000000800248c       0x2c c:/st/stm32cubeide_1.10.1/stm32cubeide/plugins/com.st.stm32cube.ide.mcu.externaltools.gnu-tools-for-stm32.10.3-2021.10.win32_1.0.0.202111181127/tools/bin/../lib/gcc/arm-none-eabi/10.3.1/../../../../arm-none-eabi/lib/thumb/v7e-m+fp/hard\libc_nano.a(lib_a-vsprintf.o)
                0x000000000800248c                _vsprintf_r
                0x000000000800248c                _vsiprintf_r
 .text.vsprintf
                0x00000000080024b8       0x14 c:/st/stm32cubeide_1.10.1/stm32cubeide/plugins/com.st.stm32cube.ide.mcu.externaltools.gnu-tools-for-stm32.10.3-2021.10.win32_1.0.0.202111181127/tools/bin/../lib/gcc/arm-none-eabi/10.3.1/../../../../arm-none-eabi/lib/thumb/v7e-m+fp/hard\libc_nano.a(lib_a-vsprintf.o)
                0x00000000080024b8                vsiprintf
                0x00000000080024b8                vsprintf
 .text.__ssputs_r
                0x00000000080024cc       0xb6 c:/st/stm32cubeide_1.10.1/stm32cubeide/plugins/com.st.stm32cube.ide.mcu.externaltools.gnu-tools-for-stm32.10.3-2021.10.win32_1.0.0.202111181127/tools/bin/../lib/gcc/arm-none-eabi/10.3.1/../../../../arm-none-eabi/lib/thumb/v7e-m+fp/hard\libc_nano.a(lib_a-nano-svfprintf.o)
                0x00000000080024cc                __ssputs_r
 *fill*         0x0000000008002582        0x2 
 .text._svfprintf_r
                0x0000000008002584      0x200 c:/st/stm32cubeide_1.10.1/stm32cubeide/plugins/com.st.stm32cube.ide.mcu.externaltools.gnu-tools-for-stm32.10.3-2021.10.win32_1.0.0.202111181127/tools/bin/../lib/gcc/arm-none-eabi/10.3.1/../../../../arm-none-eabi/lib/thumb/v7e-m+fp/hard\libc_nano.a(lib_a-nano-svfprintf.o)
                0x0000000008002584                _svfiprintf_r
                0x0000000008002584                _svfprintf_r
 .text._printf_common
                0x0000000008002784       0xda c:/st/stm32cubeide_1.10.1/stm32cubeide/plugins/com.st.stm32cube.ide.mcu.externaltools.gnu-tools-for-stm32.10.3-2021.10.win32_1.0.0.202111181127/tools/bin/../lib/gcc/arm-none-eabi/10.3.1/../../../../arm-none-eabi/lib/thumb/v7e-m+fp/hard\libc_nano.a(lib_a-nano-vfprintf_i.o)
                0x0000000008002784                _printf_common
 *fill*         0x000000000800285e        0x2 
 .text._printf_i
                0x0000000008002860      0x24c c:/st/stm32cubeide_1.10.1/stm32cubeide/plugins/com.st.stm32cube.ide.mcu.externaltools.gnu-tools-for-stm32.10.3-2021.10.win32_1.0.0.202111181127/tools/bin/../lib/gcc/arm-none-eabi/10.3.1/../../../../arm-none-eabi/lib/thumb/v7e-m+fp/hard\libc_nano.a(lib_a-nano-vfprintf_i.o)
                0x0000000008002860                _printf_i
 .text.memcpy   0x0000000008002aac       0x1c c:/st/stm32cubeide_1.10.1/stm32cubeide/plugins/com.st.stm32cube.ide.mcu.externaltools.gnu-tools-for-stm32.10.3-2021.10.win32_1.0.0.202111181127/tools/bin/../lib/gcc/arm-none-eabi/10.3.1/../../../../arm-none-eabi/lib/thumb/v7e-m+fp/hard\libc_nano.a(lib_a-memcpy-stub.o)
                0x0000000008002aac                memcpy
 .text.memmove  0x0000000008002ac8       0x34 c:/st/stm32cubeide_1.10.1/stm32cubeide/plugins/com.st.stm32cube.ide.mcu.externaltools.gnu-tools-for-stm32.10.3-2021.10.win32_1.0.0.202111181127/tools/bin/../lib/gcc/arm-none-eabi/10.3.1/../../../../arm-none-eabi/lib/thumb/v7e-m+fp/hard\libc_nano.a(lib_a-memmove.o)
                0x0000000008002ac8                memmove
 .text._free_r  0x0000000008002afc       0x98 c:/st/stm32cubeide_1.10.1/stm32cubeide/plugins/com.st.stm32cube.ide.mcu.externaltools.gnu-tools-for-stm32.10.3-2021.10.win32_1.0.0.202111181127/tools/bin/../lib/gcc/arm-none-eabi/10.3.1/../../../../arm-none-eabi/lib/thumb/v7e-m+fp/hard\libc_nano.a(lib_a-nano-freer.o)
                0x0000000008002afc                _free_r
 .text.sbrk_aligned
                0x0000000008002b94       0x40 c:/st/stm32cubeide_1.10.1/stm32cubeide/plugins/com.st.stm32cube.ide.mcu.externaltools.gnu-tools-for-stm32.10.3-2021.10.win32_1.0.0.202111181127/tools/bin/../lib/gcc/arm-none-eabi/10.3.1/../../../../arm-none-eabi/lib/thumb/v7e-m+fp/hard\libc_nano.a(lib_a-nano-mallocr.o)
 .text._malloc_r
                0x0000000008002bd4       0xe8 c:/st/stm32cubeide_1.10.1/stm32cubeide/plugins/com.st.stm32cube.ide.mcu.externaltools.gnu-tools-for-stm32.10.3-2021.10.win32_1.0.0.202111181127/tools/bin/../lib/gcc/arm-none-eabi/10.3.1/../../../../arm-none-eabi/lib/thumb/v7e-m+fp/hard\libc_nano.a(lib_a-nano-mallocr.o)
                0x0000000008002bd4                _malloc_r
 .text._realloc_r
                0x0000000008002cbc       0x5e c:/st/stm32cubeide_1.10.1/stm32cubeide/plugins/com.st.stm32cube.ide.mcu.externaltools.gnu-tools-for-stm32.10.3-2021.10.win32_1.0.0.202111181127/tools/bin/../lib/gcc/arm-none-eabi/10.3.1/../../../../arm-none-eabi/lib/thumb/v7e-m+fp/hard\libc_nano.a(lib_a-nano-reallocr.o)
                0x0000000008002cbc                _realloc_r
 *fill*         0x0000000008002d1a        0x2 
 .text._sbrk_r  0x0000000008002d1c       0x20 c:/st/stm32cubeide_1.10.1/stm32cubeide/plugins/com.st.stm32cube.ide.mcu.externaltools.gnu-tools-for-stm32.10.3-2021.10.win32_1.0.0.202111181127/tools/bin/../lib/gcc/arm-none-eabi/10.3.1/../../../../arm-none-eabi/lib/thumb/v7e-m+fp/hard\libc_nano.a(lib_a-sbrkr.o)
                0x0000000008002d1c                _sbrk_r
 .text.__malloc_lock
                0x0000000008002d3c        0xc c:/st/stm32cubeide_1.10.1/stm32cubeide/plugins/com.st.stm32cube.ide.mcu.externaltools.gnu-tools-for-stm32.10.3-2021.10.win32_1.0.0.202111181127/tools/bin/../lib/gcc/arm-none-eabi/10.3.1/../../../../arm-none-eabi/lib/thumb/v7e-m+fp/hard\libc_nano.a(lib_a-mlock.o)
                0x0000000008002d3c                __malloc_lock
 .text.__malloc_unlock
                0x0000000008002d48        0xc c:/st/stm32cubeide_1.10.1/stm32cubeide/plugins/com.st.stm32cube.ide.mcu.externaltools.gnu-tools-for-stm32.10.3-2021.10.win32_1.0.0.202111181127/tools/bin/../lib/gcc/arm-none-eabi/10.3.1/../../../../arm-none-eabi/lib/thumb/v7e-m+fp/hard\libc_nano.a(lib_a-mlock.o)
                0x0000000008002d48                __malloc_unlock
 .text._malloc_usable_size_r
                0x0000000008002d54       0x10 c:/st/stm32cubeide_1.10.1/stm32cubeide/plugins/com.st.stm32cube.ide.mcu.externaltools.gnu-tools-for-stm32.10.3-2021.10.win32_1.0.0.202111181127/tools/bin/../lib/gcc/arm-none-eabi/10.3.1/../../../../arm-none-eabi/lib/thumb/v7e-m+fp/hard\libc_nano.a(lib_a-nano-msizer.o)
                0x0000000008002d54                _malloc_usable_size_r
 .text.__retarget_lock_acquire_recursive
                0x0000000008002d64        0x2 c:/st/stm32cubeide_1.10.1/stm32cubeide/plugins/com.st.stm32cube.ide.mcu.externaltools.gnu-tools-for-stm32.10.3-2021.10.win32_1.0.0.202111181127/tools/bin/../lib/gcc/arm-none-eabi/10.3.1/../../../../arm-none-eabi/lib/thumb/v7e-m+fp/hard\libc_nano.a(lib_a-lock.o)
                0x0000000008002d64                __retarget_lock_acquire_recursive
 .text.__retarget_lock_release_recursive
                0x0000000008002d66        0x2 c:/st/stm32cubeide_1.10.1/stm32cubeide/plugins/com.st.stm32cube.ide.mcu.externaltools.gnu-tools-for-stm32.10.3-2021.10.win32_1.0.0.202111181127/tools/bin/../lib/gcc/arm-none-eabi/10.3.1/../../../../arm-none-eabi/lib/thumb/v7e-m+fp/hard\libc_nano.a(lib_a-lock.o)
                0x0000000008002d66                __retarget_lock_release_recursive
 *(.glue_7)
 .glue_7        0x0000000008002d68        0x0 linker stubs
 *(.glue_7t)
 .glue_7t       0x0000000008002d68        0x0 linker stubs
 *(.eh_frame)
 .eh_frame      0x0000000008002d68        0x0 c:/st/stm32cubeide_1.10.1/stm32cubeide/plugins/com.st.stm32cube.ide.mcu.externaltools.gnu-tools-for-stm32.10.3-2021.10.win32_1.0.0.202111181127/tools/bin/../lib/gcc/arm-none-eabi/10.3.1/thumb/v7e-m+fp/hard/crtbegin.o
 *(.init)
 .init          0x0000000008002d68        0x4 c:/st/stm32cubeide_1.10.1/stm32cubeide/plugins/com.st.stm32cube.ide.mcu.externaltools.gnu-tools-for-stm32.10.3-2021.10.win32_1.0.0.202111181127/tools/bin/../lib/gcc/arm-none-eabi/10.3.1/thumb/v7e-m+fp/hard/crti.o
                0x0000000008002d68                _init
 .init          0x0000000008002d6c        0x8 c:/st/stm32cubeide_1.10.1/stm32cubeide/plugins/com.st.stm32cube.ide.mcu.externaltools.gnu-tools-for-stm32.10.3-2021.10.win32_1.0.0.202111181127/tools/bin/../lib/gcc/arm-none-eabi/10.3.1/thumb/v7e-m+fp/hard/crtn.o
 *(.fini)
 .fini          0x0000000008002d74        0x4 c:/st/stm32cubeide_1.10.1/stm32cubeide/plugins/com.st.stm32cube.ide.mcu.externaltools.gnu-tools-for-stm32.10.3-2021.10.win32_1.0.0.202111181127/tools/bin/../lib/gcc/arm-none-eabi/10.3.1/thumb/v7e-m+fp/hard/crti.o
                0x0000000008002d74                _fini
 .fini          0x0000000008002d78        0x8 c:/st/stm32cubeide_1.10.1/stm32cubeide/plugins/com.st.stm32cube.ide.mcu.externaltools.gnu-tools-for-stm32.10.3-2021.10.win32_1.0.0.202111181127/tools/bin/../lib/gcc/arm-none-eabi/10.3.1/thumb/v7e-m+fp/hard/crtn.o
                0x0000000008002d80                . = ALIGN (0x4)
                0x0000000008002d80                _etext = .

.vfp11_veneer   0x0000000008002d80        0x0
 .vfp11_veneer  0x0000000008002d80        0x0 linker stubs

.v4_bx          0x0000000008002d80        0x0
 .v4_bx         0x0000000008002d80        0x0 linker stubs

.iplt           0x0000000008002d80        0x0
 .iplt          0x0000000008002d80        0x0 c:/st/stm32cubeide_1.10.1/stm32cubeide/plugins/com.st.stm32cube.ide.mcu.externaltools.gnu-tools-for-stm32.10.3-2021.10.win32_1.0.0.202111181127/tools/bin/../lib/gcc/arm-none-eabi/10.3.1/thumb/v7e-m+fp/hard/crtbegin.o

.rodata         0x0000000008002d80      0x1ec
                0x0000000008002d80                . = ALIGN (0x4)
 *(.rodata)
 .rodata        0x0000000008002d80       0x63 ./Core/Src/demo.o
 *fill*         0x0000000008002de3        0x1 
 .rodata        0x0000000008002de4       0x45 ./Core/Src/handlers.o
 *fill*         0x0000000008002e29        0x3 
 .rodata        0x0000000008002e2c       0xc5 ./Core/Src/help.o
 *fill*         0x0000000008002ef1        0x3 
 .rodata        0x0000000008002ef4        0xc ./Core/Src/midi.o
 .rodata        0x0000000008002f00       0x38 ./Core/Src/next.o
 *(.rodata*)
 .rodata._svfprintf_r.str1.1
                0x0000000008002f38       0x11 c:/st/stm32cubeide_1.10.1/stm32cubeide/plugins/com.st.stm32cube.ide.mcu.externaltools.gnu-tools-for-stm32.10.3-2021.10.win32_1.0.0.202111181127/tools/bin/../lib/gcc/arm-none-eabi/10.3.1/../../../../arm-none-eabi/lib/thumb/v7e-m+fp/hard\libc_nano.a(lib_a-nano-svfprintf.o)
 .rodata._printf_i.str1.1
                0x0000000008002f49       0x22 c:/st/stm32cubeide_1.10.1/stm32cubeide/plugins/com.st.stm32cube.ide.mcu.externaltools.gnu-tools-for-stm32.10.3-2021.10.win32_1.0.0.202111181127/tools/bin/../lib/gcc/arm-none-eabi/10.3.1/../../../../arm-none-eabi/lib/thumb/v7e-m+fp/hard\libc_nano.a(lib_a-nano-vfprintf_i.o)
                0x0000000008002f6c                . = ALIGN (0x4)
 *fill*         0x0000000008002f6b        0x1 

.rel.dyn        0x0000000008002f6c        0x0
 .rel.iplt      0x0000000008002f6c        0x0 c:/st/stm32cubeide_1.10.1/stm32cubeide/plugins/com.st.stm32cube.ide.mcu.externaltools.gnu-tools-for-stm32.10.3-2021.10.win32_1.0.0.202111181127/tools/bin/../lib/gcc/arm-none-eabi/10.3.1/thumb/v7e-m+fp/hard/crtbegin.o

.ARM.extab      0x0000000008002f6c        0x0
                0x0000000008002f6c                . = ALIGN (0x4)
 *(.ARM.extab* .gnu.linkonce.armextab.*)
                0x0000000008002f6c                . = ALIGN (0x4)

.ARM            0x0000000008002f6c        0x0
                0x0000000008002f6c                . = ALIGN (0x4)
                0x0000000008002f6c                __exidx_start = .
 *(.ARM.exidx*)
                0x0000000008002f6c                __exidx_end = .
                0x0000000008002f6c                . = ALIGN (0x4)

.preinit_array  0x0000000008002f6c        0x0
                0x0000000008002f6c                . = ALIGN (0x4)
                0x0000000008002f6c                PROVIDE (__preinit_array_start = .)
 *(.preinit_array*)
                0x0000000008002f6c                PROVIDE (__preinit_array_end = .)
                0x0000000008002f6c                . = ALIGN (0x4)

.init_array     0x0000000008002f6c        0x4
                0x0000000008002f6c                . = ALIGN (0x4)
                0x0000000008002f6c                PROVIDE (__init_array_start = .)
 *(SORT_BY_NAME(.init_array.*))
 *(.init_array*)
 .init_array    0x0000000008002f6c        0x4 c:/st/stm32cubeide_1.10.1/stm32cubeide/plugins/com.st.stm32cube.ide.mcu.externaltools.gnu-tools-for-stm32.10.3-2021.10.win32_1.0.0.202111181127/tools/bin/../lib/gcc/arm-none-eabi/10.3.1/thumb/v7e-m+fp/hard/crtbegin.o
                0x0000000008002f70                PROVIDE (__init_array_end = .)
                0x0000000008002f70                . = ALIGN (0x4)

.fini_array     0x0000000008002f70        0x4
                0x0000000008002f70                . = ALIGN (0x4)
                [!provide]                        PROVIDE (__fini_array_start = .)
 *(SORT_BY_NAME(.fini_array.*))
 *(.fini_array*)
 .fini_array    0x0000000008002f70        0x4 c:/st/stm32cubeide_1.10.1/stm32cubeide/plugins/com.st.stm32cube.ide.mcu.externaltools.gnu-tools-for-stm32.10.3-2021.10.win32_1.0.0.202111181127/tools/bin/../lib/gcc/arm-none-eabi/10.3.1/thumb/v7e-m+fp/hard/crtbegin.o
                [!provide]                        PROVIDE (__fini_array_end = .)
                0x0000000008002f74                . = ALIGN (0x4)
                0x0000000008002f74                _sidata = LOADADDR (.data)

.data           0x0000000020000000    0x1171c load address 0x0000000008002f74
                0x0000000020000000                . = ALIGN (0x4)
                0x0000000020000000                _sdata = .
 *(.data)
 *(.data*)
 .data.song0    0x0000000020000000      0x20f ./Core/Src/demo.o
                0x0000000020000000                song0
 *fill*         0x000000002000020f        0x1 
 .data.song1    0x0000000020000210      0x26a ./Core/Src/demo.o
                0x0000000020000210                song1
 *fill*         0x000000002000047a        0x2 
 .data.song2    0x000000002000047c      0x39f ./Core/Src/demo.o
                0x000000002000047c                song2
 *fill*         0x000000002000081b        0x1 
 .data.song3    0x000000002000081c     0x21df ./Core/Src/demo.o
                0x000000002000081c                song3
 *fill*         0x00000000200029fb        0x1 
 .data.song4    0x00000000200029fc     0x44fa ./Core/Src/demo.o
                0x00000000200029fc                song4
 *fill*         0x0000000020006ef6        0x2 
 .data.song5    0x0000000020006ef8     0xa57e ./Core/Src/demo.o
                0x0000000020006ef8                song5
 *fill*         0x0000000020011476        0x2 
 .data.songs    0x0000000020011478       0x30 ./Core/Src/demo.o
                0x0000000020011478                songs
 .data.remote   0x00000000200114a8        0x1 ./Core/Src/demo.o
                0x00000000200114a8                remote
 *fill*         0x00000000200114a9        0x3 
 .data.switched
                0x00000000200114ac        0x4 ./Core/Src/handlers.o
                0x00000000200114ac                switched
 .data.play     0x00000000200114b0        0x4 ./Core/Src/handlers.o
                0x00000000200114b0                play
 .data.notes    0x00000000200114b4      0x200 ./Core/Src/tone.o
 .data.uwTickFreq
                0x00000000200116b4        0x1 ./Drivers/STM32L4xx_HAL_Driver/Src/stm32l4xx_hal.o
                0x00000000200116b4                uwTickFreq
 *fill*         0x00000000200116b5        0x3 
 .data._impure_ptr
                0x00000000200116b8        0x4 c:/st/stm32cubeide_1.10.1/stm32cubeide/plugins/com.st.stm32cube.ide.mcu.externaltools.gnu-tools-for-stm32.10.3-2021.10.win32_1.0.0.202111181127/tools/bin/../lib/gcc/arm-none-eabi/10.3.1/../../../../arm-none-eabi/lib/thumb/v7e-m+fp/hard\libc_nano.a(lib_a-impure.o)
                0x00000000200116b8                _impure_ptr
 .data.impure_data
                0x00000000200116bc       0x60 c:/st/stm32cubeide_1.10.1/stm32cubeide/plugins/com.st.stm32cube.ide.mcu.externaltools.gnu-tools-for-stm32.10.3-2021.10.win32_1.0.0.202111181127/tools/bin/../lib/gcc/arm-none-eabi/10.3.1/../../../../arm-none-eabi/lib/thumb/v7e-m+fp/hard\libc_nano.a(lib_a-impure.o)
 *(.RamFunc)
 *(.RamFunc*)
                0x000000002001171c                . = ALIGN (0x4)
                0x000000002001171c                _edata = .

.igot.plt       0x000000002001171c        0x0 load address 0x0000000008014690
 .igot.plt      0x000000002001171c        0x0 c:/st/stm32cubeide_1.10.1/stm32cubeide/plugins/com.st.stm32cube.ide.mcu.externaltools.gnu-tools-for-stm32.10.3-2021.10.win32_1.0.0.202111181127/tools/bin/../lib/gcc/arm-none-eabi/10.3.1/thumb/v7e-m+fp/hard/crtbegin.o
                0x000000002001171c                . = ALIGN (0x4)

.bss            0x000000002001171c     0x6170 load address 0x0000000008014690
                0x000000002001171c                _sbss = .
                0x000000002001171c                __bss_start__ = _sbss
 *(.bss)
 .bss           0x000000002001171c       0x1c c:/st/stm32cubeide_1.10.1/stm32cubeide/plugins/com.st.stm32cube.ide.mcu.externaltools.gnu-tools-for-stm32.10.3-2021.10.win32_1.0.0.202111181127/tools/bin/../lib/gcc/arm-none-eabi/10.3.1/thumb/v7e-m+fp/hard/crtbegin.o
 *(.bss*)
 .bss.hdac1     0x0000000020011738       0x14 ./Core/Src/dac.o
                0x0000000020011738                hdac1
 .bss.indexer   0x000000002001174c        0x1 ./Core/Src/demo.o
 *fill*         0x000000002001174d        0x3 
 .bss.counter   0x0000000020011750        0x4 ./Core/Src/demo.o
                0x0000000020011750                counter
 .bss.player    0x0000000020011754        0x1 ./Core/Src/demo.o
                0x0000000020011754                player
 .bss.one_second_elapsed
                0x0000000020011755        0x1 ./Core/Src/demo.o
 .bss.one_second
                0x0000000020011756        0x1 ./Core/Src/demo.o
                0x0000000020011756                one_second
 .bss.stopper   0x0000000020011757        0x1 ./Core/Src/demo.o
                0x0000000020011757                stopper
 .bss.blink     0x0000000020011758        0x1 ./Core/Src/demo.o
                0x0000000020011758                blink
 *fill*         0x0000000020011759        0x3 
 .bss.second_counter
                0x000000002001175c        0x4 ./Core/Src/demo.o
                0x000000002001175c                second_counter
 .bss.delay_counter
                0x0000000020011760        0x4 ./Core/Src/demo.o
                0x0000000020011760                delay_counter
 .bss.a_song    0x0000000020011764        0x4 ./Core/Src/demo.o
                0x0000000020011764                a_song
 .bss.size      0x0000000020011768        0x4 ./Core/Src/demo.o
                0x0000000020011768                size
 .bss.p         0x000000002001176c        0x1 ./Core/Src/demo.o
 *fill*         0x000000002001176d        0x3 
 .bss.presses   0x0000000020011770        0x4 ./Core/Src/handlers.o
                0x0000000020011770                presses
 .bss.local     0x0000000020011774        0x4 ./Core/Src/handlers.o
                0x0000000020011774                local
 .bss.pheader   0x0000000020011778        0x4 ./Core/Src/midi.o
                0x0000000020011778                pheader
 .bss.c_song    0x000000002001177c        0x4 ./Core/Src/midi.o
                0x000000002001177c                c_song
 .bss.tempo     0x0000000020011780        0x4 ./Core/Src/midi.o
 .bss.notes     0x0000000020011784     0x5dc0 ./Core/Src/midi.o
                0x0000000020011784                notes
 .bss.note_incre
                0x0000000020017544        0x4 ./Core/Src/midi.o
 .bss.current_note
                0x0000000020017548        0x8 ./Core/Src/midi.o
                0x0000000020017548                current_note
 .bss.time      0x0000000020017550        0x4 ./Core/Src/midi.o
                0x0000000020017550                time
 .bss.name      0x0000000020017554        0x4 ./Core/Src/next.o
                0x0000000020017554                name
 .bss.tempo     0x0000000020017558        0x4 ./Core/Src/next.o
                0x0000000020017558                tempo
 .bss.copyright
                0x000000002001755c        0x4 ./Core/Src/next.o
                0x000000002001755c                copyright
 .bss.current_song
                0x0000000020017560        0x4 ./Core/Src/next.o
                0x0000000020017560                current_song
 .bss.current_name
                0x0000000020017564      0x100 ./Core/Src/next.o
                0x0000000020017564                current_name
 .bss.current_copy
                0x0000000020017664      0x100 ./Core/Src/next.o
                0x0000000020017664                current_copy
 .bss.current_tempo
                0x0000000020017764      0x100 ./Core/Src/next.o
                0x0000000020017764                current_tempo
 .bss.__sbrk_heap_end
                0x0000000020017864        0x4 ./Core/Src/sysmem.o
 .bss.tone_counter
                0x0000000020017868        0x4 ./Core/Src/tone.o
                0x0000000020017868                tone_counter
 .bss.tones     0x000000002001786c        0xc ./Core/Src/tone.o
 .bss.uwTick    0x0000000020017878        0x4 ./Drivers/STM32L4xx_HAL_Driver/Src/stm32l4xx_hal.o
                0x0000000020017878                uwTick
 .bss.__malloc_free_list
                0x000000002001787c        0x4 c:/st/stm32cubeide_1.10.1/stm32cubeide/plugins/com.st.stm32cube.ide.mcu.externaltools.gnu-tools-for-stm32.10.3-2021.10.win32_1.0.0.202111181127/tools/bin/../lib/gcc/arm-none-eabi/10.3.1/../../../../arm-none-eabi/lib/thumb/v7e-m+fp/hard\libc_nano.a(lib_a-nano-mallocr.o)
                0x000000002001787c                __malloc_free_list
 .bss.__malloc_sbrk_start
                0x0000000020017880        0x4 c:/st/stm32cubeide_1.10.1/stm32cubeide/plugins/com.st.stm32cube.ide.mcu.externaltools.gnu-tools-for-stm32.10.3-2021.10.win32_1.0.0.202111181127/tools/bin/../lib/gcc/arm-none-eabi/10.3.1/../../../../arm-none-eabi/lib/thumb/v7e-m+fp/hard\libc_nano.a(lib_a-nano-mallocr.o)
                0x0000000020017880                __malloc_sbrk_start
 .bss.errno     0x0000000020017884        0x4 c:/st/stm32cubeide_1.10.1/stm32cubeide/plugins/com.st.stm32cube.ide.mcu.externaltools.gnu-tools-for-stm32.10.3-2021.10.win32_1.0.0.202111181127/tools/bin/../lib/gcc/arm-none-eabi/10.3.1/../../../../arm-none-eabi/lib/thumb/v7e-m+fp/hard\libc_nano.a(lib_a-reent.o)
                0x0000000020017884                errno
 .bss.__lock___malloc_recursive_mutex
                0x0000000020017888        0x1 c:/st/stm32cubeide_1.10.1/stm32cubeide/plugins/com.st.stm32cube.ide.mcu.externaltools.gnu-tools-for-stm32.10.3-2021.10.win32_1.0.0.202111181127/tools/bin/../lib/gcc/arm-none-eabi/10.3.1/../../../../arm-none-eabi/lib/thumb/v7e-m+fp/hard\libc_nano.a(lib_a-lock.o)
                0x0000000020017888                __lock___malloc_recursive_mutex
 *(COMMON)
                0x000000002001788c                . = ALIGN (0x4)
 *fill*         0x0000000020017889        0x3 
                0x000000002001788c                _ebss = .
                0x000000002001788c                __bss_end__ = _ebss

._user_heap_stack
                0x000000002001788c      0x604 load address 0x0000000008014690
                0x0000000020017890                . = ALIGN (0x8)
 *fill*         0x000000002001788c        0x4 
                [!provide]                        PROVIDE (end = .)
                0x0000000020017890                PROVIDE (_end = .)
                0x0000000020017a90                . = (. + _Min_Heap_Size)
 *fill*         0x0000000020017890      0x200 
                0x0000000020017e90                . = (. + _Min_Stack_Size)
 *fill*         0x0000000020017a90      0x400 
                0x0000000020017e90                . = ALIGN (0x8)

/DISCARD/
 libc.a(*)
 libm.a(*)
 libgcc.a(*)

.ARM.attributes
                0x0000000000000000       0x30
 *(.ARM.attributes)
 .ARM.attributes
                0x0000000000000000       0x1e c:/st/stm32cubeide_1.10.1/stm32cubeide/plugins/com.st.stm32cube.ide.mcu.externaltools.gnu-tools-for-stm32.10.3-2021.10.win32_1.0.0.202111181127/tools/bin/../lib/gcc/arm-none-eabi/10.3.1/thumb/v7e-m+fp/hard/crti.o
 .ARM.attributes
                0x000000000000001e       0x34 c:/st/stm32cubeide_1.10.1/stm32cubeide/plugins/com.st.stm32cube.ide.mcu.externaltools.gnu-tools-for-stm32.10.3-2021.10.win32_1.0.0.202111181127/tools/bin/../lib/gcc/arm-none-eabi/10.3.1/thumb/v7e-m+fp/hard/crtbegin.o
 .ARM.attributes
                0x0000000000000052       0x34 ./Core/Src/GPIO.o
 .ARM.attributes
                0x0000000000000086       0x34 ./Core/Src/LED.o
 .ARM.attributes
                0x00000000000000ba       0x34 ./Core/Src/SysClock.o
 .ARM.attributes
                0x00000000000000ee       0x34 ./Core/Src/UART.o
 .ARM.attributes
                0x0000000000000122       0x34 ./Core/Src/dac.o
 .ARM.attributes
                0x0000000000000156       0x34 ./Core/Src/demo.o
 .ARM.attributes
                0x000000000000018a       0x34 ./Core/Src/handlers.o
 .ARM.attributes
                0x00000000000001be       0x34 ./Core/Src/help.o
 .ARM.attributes
                0x00000000000001f2       0x34 ./Core/Src/little_endian.o
 .ARM.attributes
                0x0000000000000226       0x34 ./Core/Src/main.o
 .ARM.attributes
                0x000000000000025a       0x34 ./Core/Src/midi.o
 .ARM.attributes
                0x000000000000028e       0x34 ./Core/Src/next.o
 .ARM.attributes
                0x00000000000002c2       0x34 ./Core/Src/print.o
 .ARM.attributes
                0x00000000000002f6       0x34 ./Core/Src/stm32l4xx_it.o
 .ARM.attributes
                0x000000000000032a       0x34 ./Core/Src/sysmem.o
 .ARM.attributes
                0x000000000000035e       0x34 ./Core/Src/system_stm32l4xx.o
 .ARM.attributes
                0x0000000000000392       0x34 ./Core/Src/systick.o
 .ARM.attributes
                0x00000000000003c6       0x34 ./Core/Src/tone.o
 .ARM.attributes
                0x00000000000003fa       0x21 ./Core/Startup/startup_stm32l476rgtx.o
 .ARM.attributes
                0x000000000000041b       0x34 ./Drivers/STM32L4xx_HAL_Driver/Src/stm32l4xx_hal.o
 .ARM.attributes
                0x000000000000044f       0x34 ./Drivers/STM32L4xx_HAL_Driver/Src/stm32l4xx_hal_dac.o
 .ARM.attributes
                0x0000000000000483       0x34 ./Drivers/STM32L4xx_HAL_Driver/Src/stm32l4xx_hal_gpio.o
 .ARM.attributes
                0x00000000000004b7       0x34 c:/st/stm32cubeide_1.10.1/stm32cubeide/plugins/com.st.stm32cube.ide.mcu.externaltools.gnu-tools-for-stm32.10.3-2021.10.win32_1.0.0.202111181127/tools/bin/../lib/gcc/arm-none-eabi/10.3.1/../../../../arm-none-eabi/lib/thumb/v7e-m+fp/hard\libc_nano.a(lib_a-errno.o)
 .ARM.attributes
                0x00000000000004eb       0x34 c:/st/stm32cubeide_1.10.1/stm32cubeide/plugins/com.st.stm32cube.ide.mcu.externaltools.gnu-tools-for-stm32.10.3-2021.10.win32_1.0.0.202111181127/tools/bin/../lib/gcc/arm-none-eabi/10.3.1/../../../../arm-none-eabi/lib/thumb/v7e-m+fp/hard\libc_nano.a(lib_a-impure.o)
 .ARM.attributes
                0x000000000000051f       0x34 c:/st/stm32cubeide_1.10.1/stm32cubeide/plugins/com.st.stm32cube.ide.mcu.externaltools.gnu-tools-for-stm32.10.3-2021.10.win32_1.0.0.202111181127/tools/bin/../lib/gcc/arm-none-eabi/10.3.1/../../../../arm-none-eabi/lib/thumb/v7e-m+fp/hard\libc_nano.a(lib_a-init.o)
 .ARM.attributes
                0x0000000000000553       0x34 c:/st/stm32cubeide_1.10.1/stm32cubeide/plugins/com.st.stm32cube.ide.mcu.externaltools.gnu-tools-for-stm32.10.3-2021.10.win32_1.0.0.202111181127/tools/bin/../lib/gcc/arm-none-eabi/10.3.1/../../../../arm-none-eabi/lib/thumb/v7e-m+fp/hard\libc_nano.a(lib_a-memset.o)
 .ARM.attributes
                0x0000000000000587       0x1c c:/st/stm32cubeide_1.10.1/stm32cubeide/plugins/com.st.stm32cube.ide.mcu.externaltools.gnu-tools-for-stm32.10.3-2021.10.win32_1.0.0.202111181127/tools/bin/../lib/gcc/arm-none-eabi/10.3.1/../../../../arm-none-eabi/lib/thumb/v7e-m+fp/hard\libc_nano.a(lib_a-strcmp.o)
 .ARM.attributes
                0x00000000000005a3       0x34 c:/st/stm32cubeide_1.10.1/stm32cubeide/plugins/com.st.stm32cube.ide.mcu.externaltools.gnu-tools-for-stm32.10.3-2021.10.win32_1.0.0.202111181127/tools/bin/../lib/gcc/arm-none-eabi/10.3.1/../../../../arm-none-eabi/lib/thumb/v7e-m+fp/hard\libc_nano.a(lib_a-vsprintf.o)
 .ARM.attributes
                0x00000000000005d7       0x34 c:/st/stm32cubeide_1.10.1/stm32cubeide/plugins/com.st.stm32cube.ide.mcu.externaltools.gnu-tools-for-stm32.10.3-2021.10.win32_1.0.0.202111181127/tools/bin/../lib/gcc/arm-none-eabi/10.3.1/../../../../arm-none-eabi/lib/thumb/v7e-m+fp/hard\libc_nano.a(lib_a-nano-svfprintf.o)
 .ARM.attributes
                0x000000000000060b       0x34 c:/st/stm32cubeide_1.10.1/stm32cubeide/plugins/com.st.stm32cube.ide.mcu.externaltools.gnu-tools-for-stm32.10.3-2021.10.win32_1.0.0.202111181127/tools/bin/../lib/gcc/arm-none-eabi/10.3.1/../../../../arm-none-eabi/lib/thumb/v7e-m+fp/hard\libc_nano.a(lib_a-nano-vfprintf_i.o)
 .ARM.attributes
                0x000000000000063f       0x1c c:/st/stm32cubeide_1.10.1/stm32cubeide/plugins/com.st.stm32cube.ide.mcu.externaltools.gnu-tools-for-stm32.10.3-2021.10.win32_1.0.0.202111181127/tools/bin/../lib/gcc/arm-none-eabi/10.3.1/../../../../arm-none-eabi/lib/thumb/v7e-m+fp/hard\libc_nano.a(lib_a-memchr.o)
 .ARM.attributes
                0x000000000000065b       0x34 c:/st/stm32cubeide_1.10.1/stm32cubeide/plugins/com.st.stm32cube.ide.mcu.externaltools.gnu-tools-for-stm32.10.3-2021.10.win32_1.0.0.202111181127/tools/bin/../lib/gcc/arm-none-eabi/10.3.1/../../../../arm-none-eabi/lib/thumb/v7e-m+fp/hard\libc_nano.a(lib_a-memcpy-stub.o)
 .ARM.attributes
                0x000000000000068f       0x34 c:/st/stm32cubeide_1.10.1/stm32cubeide/plugins/com.st.stm32cube.ide.mcu.externaltools.gnu-tools-for-stm32.10.3-2021.10.win32_1.0.0.202111181127/tools/bin/../lib/gcc/arm-none-eabi/10.3.1/../../../../arm-none-eabi/lib/thumb/v7e-m+fp/hard\libc_nano.a(lib_a-memmove.o)
 .ARM.attributes
                0x00000000000006c3       0x34 c:/st/stm32cubeide_1.10.1/stm32cubeide/plugins/com.st.stm32cube.ide.mcu.externaltools.gnu-tools-for-stm32.10.3-2021.10.win32_1.0.0.202111181127/tools/bin/../lib/gcc/arm-none-eabi/10.3.1/../../../../arm-none-eabi/lib/thumb/v7e-m+fp/hard\libc_nano.a(lib_a-nano-freer.o)
 .ARM.attributes
                0x00000000000006f7       0x34 c:/st/stm32cubeide_1.10.1/stm32cubeide/plugins/com.st.stm32cube.ide.mcu.externaltools.gnu-tools-for-stm32.10.3-2021.10.win32_1.0.0.202111181127/tools/bin/../lib/gcc/arm-none-eabi/10.3.1/../../../../arm-none-eabi/lib/thumb/v7e-m+fp/hard\libc_nano.a(lib_a-nano-mallocr.o)
 .ARM.attributes
                0x000000000000072b       0x34 c:/st/stm32cubeide_1.10.1/stm32cubeide/plugins/com.st.stm32cube.ide.mcu.externaltools.gnu-tools-for-stm32.10.3-2021.10.win32_1.0.0.202111181127/tools/bin/../lib/gcc/arm-none-eabi/10.3.1/../../../../arm-none-eabi/lib/thumb/v7e-m+fp/hard\libc_nano.a(lib_a-nano-reallocr.o)
 .ARM.attributes
                0x000000000000075f       0x34 c:/st/stm32cubeide_1.10.1/stm32cubeide/plugins/com.st.stm32cube.ide.mcu.externaltools.gnu-tools-for-stm32.10.3-2021.10.win32_1.0.0.202111181127/tools/bin/../lib/gcc/arm-none-eabi/10.3.1/../../../../arm-none-eabi/lib/thumb/v7e-m+fp/hard\libc_nano.a(lib_a-sbrkr.o)
 .ARM.attributes
                0x0000000000000793       0x34 c:/st/stm32cubeide_1.10.1/stm32cubeide/plugins/com.st.stm32cube.ide.mcu.externaltools.gnu-tools-for-stm32.10.3-2021.10.win32_1.0.0.202111181127/tools/bin/../lib/gcc/arm-none-eabi/10.3.1/../../../../arm-none-eabi/lib/thumb/v7e-m+fp/hard\libc_nano.a(lib_a-mlock.o)
 .ARM.attributes
                0x00000000000007c7       0x34 c:/st/stm32cubeide_1.10.1/stm32cubeide/plugins/com.st.stm32cube.ide.mcu.externaltools.gnu-tools-for-stm32.10.3-2021.10.win32_1.0.0.202111181127/tools/bin/../lib/gcc/arm-none-eabi/10.3.1/../../../../arm-none-eabi/lib/thumb/v7e-m+fp/hard\libc_nano.a(lib_a-nano-msizer.o)
 .ARM.attributes
                0x00000000000007fb       0x34 c:/st/stm32cubeide_1.10.1/stm32cubeide/plugins/com.st.stm32cube.ide.mcu.externaltools.gnu-tools-for-stm32.10.3-2021.10.win32_1.0.0.202111181127/tools/bin/../lib/gcc/arm-none-eabi/10.3.1/../../../../arm-none-eabi/lib/thumb/v7e-m+fp/hard\libc_nano.a(lib_a-reent.o)
 .ARM.attributes
                0x000000000000082f       0x34 c:/st/stm32cubeide_1.10.1/stm32cubeide/plugins/com.st.stm32cube.ide.mcu.externaltools.gnu-tools-for-stm32.10.3-2021.10.win32_1.0.0.202111181127/tools/bin/../lib/gcc/arm-none-eabi/10.3.1/../../../../arm-none-eabi/lib/thumb/v7e-m+fp/hard\libc_nano.a(lib_a-lock.o)
 .ARM.attributes
                0x0000000000000863       0x1e c:/st/stm32cubeide_1.10.1/stm32cubeide/plugins/com.st.stm32cube.ide.mcu.externaltools.gnu-tools-for-stm32.10.3-2021.10.win32_1.0.0.202111181127/tools/bin/../lib/gcc/arm-none-eabi/10.3.1/thumb/v7e-m+fp/hard/crtn.o
OUTPUT(music.elf elf32-littlearm)
LOAD linker stubs
LOAD c:/st/stm32cubeide_1.10.1/stm32cubeide/plugins/com.st.stm32cube.ide.mcu.externaltools.gnu-tools-for-stm32.10.3-2021.10.win32_1.0.0.202111181127/tools/bin/../lib/gcc/arm-none-eabi/10.3.1/../../../../arm-none-eabi/lib/thumb/v7e-m+fp/hard\libc.a
LOAD c:/st/stm32cubeide_1.10.1/stm32cubeide/plugins/com.st.stm32cube.ide.mcu.externaltools.gnu-tools-for-stm32.10.3-2021.10.win32_1.0.0.202111181127/tools/bin/../lib/gcc/arm-none-eabi/10.3.1/../../../../arm-none-eabi/lib/thumb/v7e-m+fp/hard\libm.a
LOAD c:/st/stm32cubeide_1.10.1/stm32cubeide/plugins/com.st.stm32cube.ide.mcu.externaltools.gnu-tools-for-stm32.10.3-2021.10.win32_1.0.0.202111181127/tools/bin/../lib/gcc/arm-none-eabi/10.3.1/thumb/v7e-m+fp/hard\libgcc.a

.debug_info     0x0000000000000000     0x6318
 .debug_info    0x0000000000000000      0x871 ./Core/Src/GPIO.o
 .debug_info    0x0000000000000871      0x402 ./Core/Src/LED.o
 .debug_info    0x0000000000000c73      0x3fc ./Core/Src/SysClock.o
 .debug_info    0x000000000000106f      0x617 ./Core/Src/UART.o
 .debug_info    0x0000000000001686      0xab5 ./Core/Src/dac.o
 .debug_info    0x000000000000213b      0x6d4 ./Core/Src/demo.o
 .debug_info    0x000000000000280f      0x3e7 ./Core/Src/handlers.o
 .debug_info    0x0000000000002bf6       0x5c ./Core/Src/help.o
 .debug_info    0x0000000000002c52      0x192 ./Core/Src/little_endian.o
 .debug_info    0x0000000000002de4       0xa6 ./Core/Src/main.o
 .debug_info    0x0000000000002e8a      0x50b ./Core/Src/midi.o
 .debug_info    0x0000000000003395      0x26f ./Core/Src/next.o
 .debug_info    0x0000000000003604      0x2a5 ./Core/Src/print.o
 .debug_info    0x00000000000038a9       0xba ./Core/Src/stm32l4xx_it.o
 .debug_info    0x0000000000003963      0x171 ./Core/Src/sysmem.o
 .debug_info    0x0000000000003ad4      0x5e8 ./Core/Src/system_stm32l4xx.o
 .debug_info    0x00000000000040bc       0x97 ./Core/Src/systick.o
 .debug_info    0x0000000000004153      0x336 ./Core/Src/tone.o
 .debug_info    0x0000000000004489       0x22 ./Core/Startup/startup_stm32l476rgtx.o
 .debug_info    0x00000000000044ab      0xb35 ./Drivers/STM32L4xx_HAL_Driver/Src/stm32l4xx_hal.o
 .debug_info    0x0000000000004fe0      0xb17 ./Drivers/STM32L4xx_HAL_Driver/Src/stm32l4xx_hal_dac.o
 .debug_info    0x0000000000005af7      0x821 ./Drivers/STM32L4xx_HAL_Driver/Src/stm32l4xx_hal_gpio.o

.debug_abbrev   0x0000000000000000     0x1a9f
 .debug_abbrev  0x0000000000000000      0x1b4 ./Core/Src/GPIO.o
 .debug_abbrev  0x00000000000001b4      0x110 ./Core/Src/LED.o
 .debug_abbrev  0x00000000000002c4       0xc0 ./Core/Src/SysClock.o
 .debug_abbrev  0x0000000000000384      0x16c ./Core/Src/UART.o
 .debug_abbrev  0x00000000000004f0      0x203 ./Core/Src/dac.o
 .debug_abbrev  0x00000000000006f3      0x25d ./Core/Src/demo.o
 .debug_abbrev  0x0000000000000950      0x1b6 ./Core/Src/handlers.o
 .debug_abbrev  0x0000000000000b06       0x64 ./Core/Src/help.o
 .debug_abbrev  0x0000000000000b6a       0xb2 ./Core/Src/little_endian.o
 .debug_abbrev  0x0000000000000c1c       0x5c ./Core/Src/main.o
 .debug_abbrev  0x0000000000000c78      0x1be ./Core/Src/midi.o
 .debug_abbrev  0x0000000000000e36      0x11b ./Core/Src/next.o
 .debug_abbrev  0x0000000000000f51      0x14d ./Core/Src/print.o
 .debug_abbrev  0x000000000000109e       0x31 ./Core/Src/stm32l4xx_it.o
 .debug_abbrev  0x00000000000010cf       0xbb ./Core/Src/sysmem.o
 .debug_abbrev  0x000000000000118a      0x13b ./Core/Src/system_stm32l4xx.o
 .debug_abbrev  0x00000000000012c5       0x74 ./Core/Src/systick.o
 .debug_abbrev  0x0000000000001339      0x156 ./Core/Src/tone.o
 .debug_abbrev  0x000000000000148f       0x12 ./Core/Startup/startup_stm32l476rgtx.o
 .debug_abbrev  0x00000000000014a1      0x23a ./Drivers/STM32L4xx_HAL_Driver/Src/stm32l4xx_hal.o
 .debug_abbrev  0x00000000000016db      0x209 ./Drivers/STM32L4xx_HAL_Driver/Src/stm32l4xx_hal_dac.o
 .debug_abbrev  0x00000000000018e4      0x1bb ./Drivers/STM32L4xx_HAL_Driver/Src/stm32l4xx_hal_gpio.o

.debug_aranges  0x0000000000000000      0x628
 .debug_aranges
                0x0000000000000000       0x28 ./Core/Src/GPIO.o
 .debug_aranges
                0x0000000000000028       0x40 ./Core/Src/LED.o
 .debug_aranges
                0x0000000000000068       0x20 ./Core/Src/SysClock.o
 .debug_aranges
                0x0000000000000088       0x58 ./Core/Src/UART.o
 .debug_aranges
                0x00000000000000e0       0x40 ./Core/Src/dac.o
 .debug_aranges
                0x0000000000000120       0x78 ./Core/Src/demo.o
 .debug_aranges
                0x0000000000000198       0x28 ./Core/Src/handlers.o
 .debug_aranges
                0x00000000000001c0       0x20 ./Core/Src/help.o
 .debug_aranges
                0x00000000000001e0       0x30 ./Core/Src/little_endian.o
 .debug_aranges
                0x0000000000000210       0x20 ./Core/Src/main.o
 .debug_aranges
                0x0000000000000230       0x40 ./Core/Src/midi.o
 .debug_aranges
                0x0000000000000270       0x28 ./Core/Src/next.o
 .debug_aranges
                0x0000000000000298       0x20 ./Core/Src/print.o
 .debug_aranges
                0x00000000000002b8       0x58 ./Core/Src/stm32l4xx_it.o
 .debug_aranges
                0x0000000000000310       0x20 ./Core/Src/sysmem.o
 .debug_aranges
                0x0000000000000330       0x28 ./Core/Src/system_stm32l4xx.o
 .debug_aranges
                0x0000000000000358       0x20 ./Core/Src/systick.o
 .debug_aranges
                0x0000000000000378       0x40 ./Core/Src/tone.o
 .debug_aranges
                0x00000000000003b8       0x28 ./Core/Startup/startup_stm32l476rgtx.o
 .debug_aranges
                0x00000000000003e0      0x130 ./Drivers/STM32L4xx_HAL_Driver/Src/stm32l4xx_hal.o
 .debug_aranges
                0x0000000000000510       0xc0 ./Drivers/STM32L4xx_HAL_Driver/Src/stm32l4xx_hal_dac.o
 .debug_aranges
                0x00000000000005d0       0x58 ./Drivers/STM32L4xx_HAL_Driver/Src/stm32l4xx_hal_gpio.o

.debug_ranges   0x0000000000000000      0x4d0
 .debug_ranges  0x0000000000000000       0x18 ./Core/Src/GPIO.o
 .debug_ranges  0x0000000000000018       0x30 ./Core/Src/LED.o
 .debug_ranges  0x0000000000000048       0x10 ./Core/Src/SysClock.o
 .debug_ranges  0x0000000000000058       0x48 ./Core/Src/UART.o
 .debug_ranges  0x00000000000000a0       0x30 ./Core/Src/dac.o
 .debug_ranges  0x00000000000000d0       0x68 ./Core/Src/demo.o
 .debug_ranges  0x0000000000000138       0x18 ./Core/Src/handlers.o
 .debug_ranges  0x0000000000000150       0x10 ./Core/Src/help.o
 .debug_ranges  0x0000000000000160       0x20 ./Core/Src/little_endian.o
 .debug_ranges  0x0000000000000180       0x10 ./Core/Src/main.o
 .debug_ranges  0x0000000000000190       0x30 ./Core/Src/midi.o
 .debug_ranges  0x00000000000001c0       0x18 ./Core/Src/next.o
 .debug_ranges  0x00000000000001d8       0x10 ./Core/Src/print.o
 .debug_ranges  0x00000000000001e8       0x48 ./Core/Src/stm32l4xx_it.o
 .debug_ranges  0x0000000000000230       0x10 ./Core/Src/sysmem.o
 .debug_ranges  0x0000000000000240       0x18 ./Core/Src/system_stm32l4xx.o
 .debug_ranges  0x0000000000000258       0x10 ./Core/Src/systick.o
 .debug_ranges  0x0000000000000268       0x30 ./Core/Src/tone.o
 .debug_ranges  0x0000000000000298       0x20 ./Core/Startup/startup_stm32l476rgtx.o
 .debug_ranges  0x00000000000002b8      0x120 ./Drivers/STM32L4xx_HAL_Driver/Src/stm32l4xx_hal.o
 .debug_ranges  0x00000000000003d8       0xb0 ./Drivers/STM32L4xx_HAL_Driver/Src/stm32l4xx_hal_dac.o
 .debug_ranges  0x0000000000000488       0x48 ./Drivers/STM32L4xx_HAL_Driver/Src/stm32l4xx_hal_gpio.o

.debug_macro    0x0000000000000000    0x282f3
 .debug_macro   0x0000000000000000      0x209 ./Core/Src/GPIO.o
 .debug_macro   0x0000000000000209      0xa78 ./Core/Src/GPIO.o
 .debug_macro   0x0000000000000c81       0x5e ./Core/Src/GPIO.o
 .debug_macro   0x0000000000000cdf       0x10 ./Core/Src/GPIO.o
 .debug_macro   0x0000000000000cef       0x22 ./Core/Src/GPIO.o
 .debug_macro   0x0000000000000d11       0x2e ./Core/Src/GPIO.o
 .debug_macro   0x0000000000000d3f       0x28 ./Core/Src/GPIO.o
 .debug_macro   0x0000000000000d67       0x22 ./Core/Src/GPIO.o
 .debug_macro   0x0000000000000d89       0x8e ./Core/Src/GPIO.o
 .debug_macro   0x0000000000000e17       0x51 ./Core/Src/GPIO.o
 .debug_macro   0x0000000000000e68      0x103 ./Core/Src/GPIO.o
 .debug_macro   0x0000000000000f6b       0x6a ./Core/Src/GPIO.o
 .debug_macro   0x0000000000000fd5      0x1df ./Core/Src/GPIO.o
 .debug_macro   0x00000000000011b4       0x1c ./Core/Src/GPIO.o
 .debug_macro   0x00000000000011d0       0x22 ./Core/Src/GPIO.o
 .debug_macro   0x00000000000011f2       0xfb ./Core/Src/GPIO.o
 .debug_macro   0x00000000000012ed     0x1011 ./Core/Src/GPIO.o
 .debug_macro   0x00000000000022fe      0x11f ./Core/Src/GPIO.o
 .debug_macro   0x000000000000241d    0x1a17a ./Core/Src/GPIO.o
 .debug_macro   0x000000000001c597       0x6d ./Core/Src/GPIO.o
 .debug_macro   0x000000000001c604      0x1ad ./Core/Src/GPIO.o
 .debug_macro   0x000000000001c7b1     0x38e6 ./Core/Src/GPIO.o
 .debug_macro   0x0000000000020097      0x174 ./Core/Src/GPIO.o
 .debug_macro   0x000000000002020b       0x5c ./Core/Src/GPIO.o
 .debug_macro   0x0000000000020267     0x159e ./Core/Src/GPIO.o
 .debug_macro   0x0000000000021805      0x5a5 ./Core/Src/GPIO.o
 .debug_macro   0x0000000000021daa      0x1b9 ./Core/Src/GPIO.o
 .debug_macro   0x0000000000021f63      0x18b ./Core/Src/GPIO.o
 .debug_macro   0x00000000000220ee      0x26b ./Core/Src/GPIO.o
 .debug_macro   0x0000000000022359      0x23d ./Core/Src/GPIO.o
 .debug_macro   0x0000000000022596      0xf83 ./Core/Src/GPIO.o
 .debug_macro   0x0000000000023519      0x632 ./Core/Src/GPIO.o
 .debug_macro   0x0000000000023b4b      0x30c ./Core/Src/GPIO.o
 .debug_macro   0x0000000000023e57      0x153 ./Core/Src/GPIO.o
 .debug_macro   0x0000000000023faa       0xd8 ./Core/Src/GPIO.o
 .debug_macro   0x0000000000024082      0x241 ./Core/Src/GPIO.o
 .debug_macro   0x00000000000242c3      0x37c ./Core/Src/GPIO.o
 .debug_macro   0x000000000002463f       0xd6 ./Core/Src/GPIO.o
 .debug_macro   0x0000000000024715      0x22c ./Core/Src/GPIO.o
 .debug_macro   0x0000000000024941       0x61 ./Core/Src/GPIO.o
 .debug_macro   0x00000000000249a2       0xa5 ./Core/Src/GPIO.o
 .debug_macro   0x0000000000024a47      0x122 ./Core/Src/GPIO.o
 .debug_macro   0x0000000000024b69      0x3ef ./Core/Src/GPIO.o
 .debug_macro   0x0000000000024f58      0x330 ./Core/Src/GPIO.o
 .debug_macro   0x0000000000025288       0xdb ./Core/Src/LED.o
 .debug_macro   0x0000000000025363       0xc9 ./Core/Src/SysClock.o
 .debug_macro   0x000000000002542c       0xdb ./Core/Src/UART.o
 .debug_macro   0x0000000000025507      0x1fb ./Core/Src/dac.o
 .debug_macro   0x0000000000025702      0x40c ./Core/Src/demo.o
 .debug_macro   0x0000000000025b0e       0x4c ./Core/Src/demo.o
 .debug_macro   0x0000000000025b5a       0x1e ./Core/Src/demo.o
 .debug_macro   0x0000000000025b78       0x94 ./Core/Src/demo.o
 .debug_macro   0x0000000000025c0c       0x3c ./Core/Src/demo.o
 .debug_macro   0x0000000000025c48       0x34 ./Core/Src/demo.o
 .debug_macro   0x0000000000025c7c       0x16 ./Core/Src/demo.o
 .debug_macro   0x0000000000025c92       0x57 ./Core/Src/demo.o
 .debug_macro   0x0000000000025ce9       0x97 ./Core/Src/demo.o
 .debug_macro   0x0000000000025d80      0x341 ./Core/Src/demo.o
 .debug_macro   0x00000000000260c1       0xfd ./Core/Src/demo.o
 .debug_macro   0x00000000000261be       0x10 ./Core/Src/demo.o
 .debug_macro   0x00000000000261ce       0x16 ./Core/Src/demo.o
 .debug_macro   0x00000000000261e4       0x43 ./Core/Src/demo.o
 .debug_macro   0x0000000000026227       0x34 ./Core/Src/demo.o
 .debug_macro   0x000000000002625b       0x10 ./Core/Src/demo.o
 .debug_macro   0x000000000002626b       0x58 ./Core/Src/demo.o
 .debug_macro   0x00000000000262c3       0x71 ./Core/Src/demo.o
 .debug_macro   0x0000000000026334       0x1c ./Core/Src/demo.o
 .debug_macro   0x0000000000026350      0x12a ./Core/Src/demo.o
 .debug_macro   0x000000000002647a       0x10 ./Core/Src/demo.o
 .debug_macro   0x000000000002648a       0x1c ./Core/Src/demo.o
 .debug_macro   0x00000000000264a6       0x52 ./Core/Src/demo.o
 .debug_macro   0x00000000000264f8       0x22 ./Core/Src/demo.o
 .debug_macro   0x000000000002651a       0x10 ./Core/Src/demo.o
 .debug_macro   0x000000000002652a       0x52 ./Core/Src/demo.o
 .debug_macro   0x000000000002657c       0xd5 ./Core/Src/demo.o
 .debug_macro   0x0000000000026651       0x1c ./Core/Src/demo.o
 .debug_macro   0x000000000002666d       0x3d ./Core/Src/demo.o
 .debug_macro   0x00000000000266aa       0x16 ./Core/Src/demo.o
 .debug_macro   0x00000000000266c0      0x145 ./Core/Src/demo.o
 .debug_macro   0x0000000000026805       0x16 ./Core/Src/demo.o
 .debug_macro   0x000000000002681b       0x35 ./Core/Src/demo.o
 .debug_macro   0x0000000000026850       0x20 ./Core/Src/demo.o
 .debug_macro   0x0000000000026870       0x10 ./Core/Src/demo.o
 .debug_macro   0x0000000000026880       0x56 ./Core/Src/demo.o
 .debug_macro   0x00000000000268d6       0x10 ./Core/Src/demo.o
 .debug_macro   0x00000000000268e6       0x10 ./Core/Src/demo.o
 .debug_macro   0x00000000000268f6      0x248 ./Core/Src/handlers.o
 .debug_macro   0x0000000000026b3e       0x25 ./Core/Src/help.o
 .debug_macro   0x0000000000026b63       0x6d ./Core/Src/little_endian.o
 .debug_macro   0x0000000000026bd0       0xe6 ./Core/Src/main.o
 .debug_macro   0x0000000000026cb6      0x3b3 ./Core/Src/midi.o
 .debug_macro   0x0000000000027069       0x52 ./Core/Src/midi.o
 .debug_macro   0x00000000000270bb      0x20b ./Core/Src/next.o
 .debug_macro   0x00000000000272c6      0x240 ./Core/Src/print.o
 .debug_macro   0x0000000000027506       0x4c ./Core/Src/print.o
 .debug_macro   0x0000000000027552       0x24 ./Core/Src/stm32l4xx_it.o
 .debug_macro   0x0000000000027576       0xff ./Core/Src/sysmem.o
 .debug_macro   0x0000000000027675      0x23b ./Core/Src/sysmem.o
 .debug_macro   0x00000000000278b0      0x1ee ./Core/Src/system_stm32l4xx.o
 .debug_macro   0x0000000000027a9e       0x1a ./Core/Src/systick.o
 .debug_macro   0x0000000000027ab8      0x21f ./Core/Src/tone.o
 .debug_macro   0x0000000000027cd7      0x236 ./Drivers/STM32L4xx_HAL_Driver/Src/stm32l4xx_hal.o
 .debug_macro   0x0000000000027f0d      0x1f7 ./Drivers/STM32L4xx_HAL_Driver/Src/stm32l4xx_hal_dac.o
 .debug_macro   0x0000000000028104      0x1ef ./Drivers/STM32L4xx_HAL_Driver/Src/stm32l4xx_hal_gpio.o

.debug_line     0x0000000000000000     0x8e09
 .debug_line    0x0000000000000000      0x758 ./Core/Src/GPIO.o
 .debug_line    0x0000000000000758      0x521 ./Core/Src/LED.o
 .debug_line    0x0000000000000c79      0x542 ./Core/Src/SysClock.o
 .debug_line    0x00000000000011bb      0x659 ./Core/Src/UART.o
 .debug_line    0x0000000000001814      0x794 ./Core/Src/dac.o
 .debug_line    0x0000000000001fa8      0xb7b ./Core/Src/demo.o
 .debug_line    0x0000000000002b23      0x832 ./Core/Src/handlers.o
 .debug_line    0x0000000000003355       0x70 ./Core/Src/help.o
 .debug_line    0x00000000000033c5      0x402 ./Core/Src/little_endian.o
 .debug_line    0x00000000000037c7      0x478 ./Core/Src/main.o
 .debug_line    0x0000000000003c3f      0xbd8 ./Core/Src/midi.o
 .debug_line    0x0000000000004817      0x688 ./Core/Src/next.o
 .debug_line    0x0000000000004e9f      0x65e ./Core/Src/print.o
 .debug_line    0x00000000000054fd      0x119 ./Core/Src/stm32l4xx_it.o
 .debug_line    0x0000000000005616      0x4ea ./Core/Src/sysmem.o
 .debug_line    0x0000000000005b00      0x7cc ./Core/Src/system_stm32l4xx.o
 .debug_line    0x00000000000062cc       0x66 ./Core/Src/systick.o
 .debug_line    0x0000000000006332      0x82f ./Core/Src/tone.o
 .debug_line    0x0000000000006b61       0x88 ./Core/Startup/startup_stm32l476rgtx.o
 .debug_line    0x0000000000006be9      0xaf1 ./Drivers/STM32L4xx_HAL_Driver/Src/stm32l4xx_hal.o
 .debug_line    0x00000000000076da      0xbca ./Drivers/STM32L4xx_HAL_Driver/Src/stm32l4xx_hal_dac.o
 .debug_line    0x00000000000082a4      0xb65 ./Drivers/STM32L4xx_HAL_Driver/Src/stm32l4xx_hal_gpio.o

.debug_str      0x0000000000000000    0xf7a17
 .debug_str     0x0000000000000000    0xf1e05 ./Core/Src/GPIO.o
                                      0xf239d (size before relaxing)
 .debug_str     0x00000000000f1e05       0x97 ./Core/Src/LED.o
                                      0x9e2d0 (size before relaxing)
 .debug_str     0x00000000000f1e9c       0xad ./Core/Src/SysClock.o
                                      0x9e2b4 (size before relaxing)
 .debug_str     0x00000000000f1f49       0xf9 ./Core/Src/UART.o
                                      0x9e358 (size before relaxing)
 .debug_str     0x00000000000f2042      0x4ab ./Core/Src/dac.o
                                      0xf22aa (size before relaxing)
 .debug_str     0x00000000000f24ed     0x4030 ./Core/Src/demo.o
                                      0xf5d76 (size before relaxing)
 .debug_str     0x00000000000f651d       0xd8 ./Core/Src/handlers.o
                                      0xf1e97 (size before relaxing)
 .debug_str     0x00000000000f65f5       0x13 ./Core/Src/help.o
                                       0x2d15 (size before relaxing)
 .debug_str     0x00000000000f6608       0x83 ./Core/Src/little_endian.o
                                       0x3caf (size before relaxing)
 .debug_str     0x00000000000f668b       0x18 ./Core/Src/main.o
                                      0x9e143 (size before relaxing)
 .debug_str     0x00000000000f66a3       0xf3 ./Core/Src/midi.o
                                      0xf5a5c (size before relaxing)
 .debug_str     0x00000000000f6796       0x73 ./Core/Src/next.o
                                       0x7e16 (size before relaxing)
 .debug_str     0x00000000000f6809       0xf5 ./Core/Src/print.o
                                      0xa234e (size before relaxing)
 .debug_str     0x00000000000f68fe       0xad ./Core/Src/stm32l4xx_it.o
                                       0x2eb0 (size before relaxing)
 .debug_str     0x00000000000f69ab      0x4da ./Core/Src/sysmem.o
                                       0x5dbf (size before relaxing)
 .debug_str     0x00000000000f6e85      0x107 ./Core/Src/system_stm32l4xx.o
                                      0xf1d0f (size before relaxing)
 .debug_str     0x00000000000f6f8c       0x16 ./Core/Src/systick.o
                                       0x2d5e (size before relaxing)
 .debug_str     0x00000000000f6fa2       0x7e ./Core/Src/tone.o
                                      0xf1c02 (size before relaxing)
 .debug_str     0x00000000000f7020       0x36 ./Core/Startup/startup_stm32l476rgtx.o
                                         0x81 (size before relaxing)
 .debug_str     0x00000000000f7056      0x67b ./Drivers/STM32L4xx_HAL_Driver/Src/stm32l4xx_hal.o
                                      0xf2887 (size before relaxing)
 .debug_str     0x00000000000f76d1      0x249 ./Drivers/STM32L4xx_HAL_Driver/Src/stm32l4xx_hal_dac.o
                                      0xf21c0 (size before relaxing)
 .debug_str     0x00000000000f791a       0xfd ./Drivers/STM32L4xx_HAL_Driver/Src/stm32l4xx_hal_gpio.o
                                      0xf1e6d (size before relaxing)

.comment        0x0000000000000000       0x50
 .comment       0x0000000000000000       0x50 ./Core/Src/GPIO.o
                                         0x51 (size before relaxing)
 .comment       0x0000000000000050       0x51 ./Core/Src/LED.o
 .comment       0x0000000000000050       0x51 ./Core/Src/SysClock.o
 .comment       0x0000000000000050       0x51 ./Core/Src/UART.o
 .comment       0x0000000000000050       0x51 ./Core/Src/dac.o
 .comment       0x0000000000000050       0x51 ./Core/Src/demo.o
 .comment       0x0000000000000050       0x51 ./Core/Src/handlers.o
 .comment       0x0000000000000050       0x51 ./Core/Src/help.o
 .comment       0x0000000000000050       0x51 ./Core/Src/little_endian.o
 .comment       0x0000000000000050       0x51 ./Core/Src/main.o
 .comment       0x0000000000000050       0x51 ./Core/Src/midi.o
 .comment       0x0000000000000050       0x51 ./Core/Src/next.o
 .comment       0x0000000000000050       0x51 ./Core/Src/print.o
 .comment       0x0000000000000050       0x51 ./Core/Src/stm32l4xx_it.o
 .comment       0x0000000000000050       0x51 ./Core/Src/sysmem.o
 .comment       0x0000000000000050       0x51 ./Core/Src/system_stm32l4xx.o
 .comment       0x0000000000000050       0x51 ./Core/Src/systick.o
 .comment       0x0000000000000050       0x51 ./Core/Src/tone.o
 .comment       0x0000000000000050       0x51 ./Drivers/STM32L4xx_HAL_Driver/Src/stm32l4xx_hal.o
 .comment       0x0000000000000050       0x51 ./Drivers/STM32L4xx_HAL_Driver/Src/stm32l4xx_hal_dac.o
 .comment       0x0000000000000050       0x51 ./Drivers/STM32L4xx_HAL_Driver/Src/stm32l4xx_hal_gpio.o

.debug_frame    0x0000000000000000     0x1754
 .debug_frame   0x0000000000000000       0x5c ./Core/Src/GPIO.o
 .debug_frame   0x000000000000005c       0xb4 ./Core/Src/LED.o
 .debug_frame   0x0000000000000110       0x38 ./Core/Src/SysClock.o
 .debug_frame   0x0000000000000148      0x138 ./Core/Src/UART.o
 .debug_frame   0x0000000000000280       0xbc ./Core/Src/dac.o
 .debug_frame   0x000000000000033c      0x1a0 ./Core/Src/demo.o
 .debug_frame   0x00000000000004dc       0x58 ./Core/Src/handlers.o
 .debug_frame   0x0000000000000534       0x2c ./Core/Src/help.o
 .debug_frame   0x0000000000000560       0x88 ./Core/Src/little_endian.o
 .debug_frame   0x00000000000005e8       0x2c ./Core/Src/main.o
 .debug_frame   0x0000000000000614       0xc4 ./Core/Src/midi.o
 .debug_frame   0x00000000000006d8       0x5c ./Core/Src/next.o
 .debug_frame   0x0000000000000734       0x4c ./Core/Src/print.o
 .debug_frame   0x0000000000000780       0xe8 ./Core/Src/stm32l4xx_it.o
 .debug_frame   0x0000000000000868       0x34 ./Core/Src/sysmem.o
 .debug_frame   0x000000000000089c       0x58 ./Core/Src/system_stm32l4xx.o
 .debug_frame   0x00000000000008f4       0x30 ./Core/Src/systick.o
 .debug_frame   0x0000000000000924       0xc4 ./Core/Src/tone.o
 .debug_frame   0x00000000000009e8      0x498 ./Drivers/STM32L4xx_HAL_Driver/Src/stm32l4xx_hal.o
 .debug_frame   0x0000000000000e80      0x338 ./Drivers/STM32L4xx_HAL_Driver/Src/stm32l4xx_hal_dac.o
 .debug_frame   0x00000000000011b8      0x14c ./Drivers/STM32L4xx_HAL_Driver/Src/stm32l4xx_hal_gpio.o
 .debug_frame   0x0000000000001304       0x20 c:/st/stm32cubeide_1.10.1/stm32cubeide/plugins/com.st.stm32cube.ide.mcu.externaltools.gnu-tools-for-stm32.10.3-2021.10.win32_1.0.0.202111181127/tools/bin/../lib/gcc/arm-none-eabi/10.3.1/../../../../arm-none-eabi/lib/thumb/v7e-m+fp/hard\libc_nano.a(lib_a-errno.o)
 .debug_frame   0x0000000000001324       0x2c c:/st/stm32cubeide_1.10.1/stm32cubeide/plugins/com.st.stm32cube.ide.mcu.externaltools.gnu-tools-for-stm32.10.3-2021.10.win32_1.0.0.202111181127/tools/bin/../lib/gcc/arm-none-eabi/10.3.1/../../../../arm-none-eabi/lib/thumb/v7e-m+fp/hard\libc_nano.a(lib_a-init.o)
 .debug_frame   0x0000000000001350       0x20 c:/st/stm32cubeide_1.10.1/stm32cubeide/plugins/com.st.stm32cube.ide.mcu.externaltools.gnu-tools-for-stm32.10.3-2021.10.win32_1.0.0.202111181127/tools/bin/../lib/gcc/arm-none-eabi/10.3.1/../../../../arm-none-eabi/lib/thumb/v7e-m+fp/hard\libc_nano.a(lib_a-memset.o)
 .debug_frame   0x0000000000001370       0x20 c:/st/stm32cubeide_1.10.1/stm32cubeide/plugins/com.st.stm32cube.ide.mcu.externaltools.gnu-tools-for-stm32.10.3-2021.10.win32_1.0.0.202111181127/tools/bin/../lib/gcc/arm-none-eabi/10.3.1/../../../../arm-none-eabi/lib/thumb/v7e-m+fp/hard\libc_nano.a(lib_a-strcmp.o)
 .debug_frame   0x0000000000001390       0x3c c:/st/stm32cubeide_1.10.1/stm32cubeide/plugins/com.st.stm32cube.ide.mcu.externaltools.gnu-tools-for-stm32.10.3-2021.10.win32_1.0.0.202111181127/tools/bin/../lib/gcc/arm-none-eabi/10.3.1/../../../../arm-none-eabi/lib/thumb/v7e-m+fp/hard\libc_nano.a(lib_a-vsprintf.o)
 .debug_frame   0x00000000000013cc       0x90 c:/st/stm32cubeide_1.10.1/stm32cubeide/plugins/com.st.stm32cube.ide.mcu.externaltools.gnu-tools-for-stm32.10.3-2021.10.win32_1.0.0.202111181127/tools/bin/../lib/gcc/arm-none-eabi/10.3.1/../../../../arm-none-eabi/lib/thumb/v7e-m+fp/hard\libc_nano.a(lib_a-nano-svfprintf.o)
 .debug_frame   0x000000000000145c       0x60 c:/st/stm32cubeide_1.10.1/stm32cubeide/plugins/com.st.stm32cube.ide.mcu.externaltools.gnu-tools-for-stm32.10.3-2021.10.win32_1.0.0.202111181127/tools/bin/../lib/gcc/arm-none-eabi/10.3.1/../../../../arm-none-eabi/lib/thumb/v7e-m+fp/hard\libc_nano.a(lib_a-nano-vfprintf_i.o)
 .debug_frame   0x00000000000014bc       0x28 c:/st/stm32cubeide_1.10.1/stm32cubeide/plugins/com.st.stm32cube.ide.mcu.externaltools.gnu-tools-for-stm32.10.3-2021.10.win32_1.0.0.202111181127/tools/bin/../lib/gcc/arm-none-eabi/10.3.1/../../../../arm-none-eabi/lib/thumb/v7e-m+fp/hard\libc_nano.a(lib_a-memcpy-stub.o)
 .debug_frame   0x00000000000014e4       0x28 c:/st/stm32cubeide_1.10.1/stm32cubeide/plugins/com.st.stm32cube.ide.mcu.externaltools.gnu-tools-for-stm32.10.3-2021.10.win32_1.0.0.202111181127/tools/bin/../lib/gcc/arm-none-eabi/10.3.1/../../../../arm-none-eabi/lib/thumb/v7e-m+fp/hard\libc_nano.a(lib_a-memmove.o)
 .debug_frame   0x000000000000150c       0x38 c:/st/stm32cubeide_1.10.1/stm32cubeide/plugins/com.st.stm32cube.ide.mcu.externaltools.gnu-tools-for-stm32.10.3-2021.10.win32_1.0.0.202111181127/tools/bin/../lib/gcc/arm-none-eabi/10.3.1/../../../../arm-none-eabi/lib/thumb/v7e-m+fp/hard\libc_nano.a(lib_a-nano-freer.o)
 .debug_frame   0x0000000000001544       0x4c c:/st/stm32cubeide_1.10.1/stm32cubeide/plugins/com.st.stm32cube.ide.mcu.externaltools.gnu-tools-for-stm32.10.3-2021.10.win32_1.0.0.202111181127/tools/bin/../lib/gcc/arm-none-eabi/10.3.1/../../../../arm-none-eabi/lib/thumb/v7e-m+fp/hard\libc_nano.a(lib_a-nano-mallocr.o)
 .debug_frame   0x0000000000001590       0x3c c:/st/stm32cubeide_1.10.1/stm32cubeide/plugins/com.st.stm32cube.ide.mcu.externaltools.gnu-tools-for-stm32.10.3-2021.10.win32_1.0.0.202111181127/tools/bin/../lib/gcc/arm-none-eabi/10.3.1/../../../../arm-none-eabi/lib/thumb/v7e-m+fp/hard\libc_nano.a(lib_a-nano-reallocr.o)
 .debug_frame   0x00000000000015cc       0x2c c:/st/stm32cubeide_1.10.1/stm32cubeide/plugins/com.st.stm32cube.ide.mcu.externaltools.gnu-tools-for-stm32.10.3-2021.10.win32_1.0.0.202111181127/tools/bin/../lib/gcc/arm-none-eabi/10.3.1/../../../../arm-none-eabi/lib/thumb/v7e-m+fp/hard\libc_nano.a(lib_a-sbrkr.o)
 .debug_frame   0x00000000000015f8       0x30 c:/st/stm32cubeide_1.10.1/stm32cubeide/plugins/com.st.stm32cube.ide.mcu.externaltools.gnu-tools-for-stm32.10.3-2021.10.win32_1.0.0.202111181127/tools/bin/../lib/gcc/arm-none-eabi/10.3.1/../../../../arm-none-eabi/lib/thumb/v7e-m+fp/hard\libc_nano.a(lib_a-mlock.o)
 .debug_frame   0x0000000000001628       0x20 c:/st/stm32cubeide_1.10.1/stm32cubeide/plugins/com.st.stm32cube.ide.mcu.externaltools.gnu-tools-for-stm32.10.3-2021.10.win32_1.0.0.202111181127/tools/bin/../lib/gcc/arm-none-eabi/10.3.1/../../../../arm-none-eabi/lib/thumb/v7e-m+fp/hard\libc_nano.a(lib_a-nano-msizer.o)
 .debug_frame   0x0000000000001648       0x5c c:/st/stm32cubeide_1.10.1/stm32cubeide/plugins/com.st.stm32cube.ide.mcu.externaltools.gnu-tools-for-stm32.10.3-2021.10.win32_1.0.0.202111181127/tools/bin/../lib/gcc/arm-none-eabi/10.3.1/../../../../arm-none-eabi/lib/thumb/v7e-m+fp/hard\libc_nano.a(lib_a-reent.o)
 .debug_frame   0x00000000000016a4       0xb0 c:/st/stm32cubeide_1.10.1/stm32cubeide/plugins/com.st.stm32cube.ide.mcu.externaltools.gnu-tools-for-stm32.10.3-2021.10.win32_1.0.0.202111181127/tools/bin/../lib/gcc/arm-none-eabi/10.3.1/../../../../arm-none-eabi/lib/thumb/v7e-m+fp/hard\libc_nano.a(lib_a-lock.o)
